Archive member included to satisfy reference by file (symbol)

/usr/lib/gcc/arm-none-eabi/13.2.0/thumb/v6-m/nofp/libgcc.a(_dvmd_tls.o)
                              CMakeFiles/picowhisperer.dir/usr/share/pico-sdk/src/rp2_common/pico_divider/divider.S.obj (__aeabi_idiv0)
/usr/lib/gcc/arm-none-eabi/13.2.0/../../../../arm-none-eabi/lib/thumb/v6-m/nofp/libg.a(libc_a-atexit.o)
                              /usr/lib/gcc/arm-none-eabi/13.2.0/../../../../arm-none-eabi/lib/thumb/v6-m/nofp/crt0.o (atexit)
/usr/lib/gcc/arm-none-eabi/13.2.0/../../../../arm-none-eabi/lib/thumb/v6-m/nofp/libg.a(libc_a-atoi.o)
                              CMakeFiles/picowhisperer.dir/serial_console.cpp.obj (atoi)
/usr/lib/gcc/arm-none-eabi/13.2.0/../../../../arm-none-eabi/lib/thumb/v6-m/nofp/libg.a(libc_a-calloc.o)
                              CMakeFiles/picowhisperer.dir/usr/share/pico-sdk/src/rp2_common/pico_malloc/pico_malloc.c.obj (calloc)
/usr/lib/gcc/arm-none-eabi/13.2.0/../../../../arm-none-eabi/lib/thumb/v6-m/nofp/libg.a(libc_a-callocr.o)
                              /usr/lib/gcc/arm-none-eabi/13.2.0/../../../../arm-none-eabi/lib/thumb/v6-m/nofp/libg.a(libc_a-calloc.o) (_calloc_r)
/usr/lib/gcc/arm-none-eabi/13.2.0/../../../../arm-none-eabi/lib/thumb/v6-m/nofp/libg.a(libc_a-malloc.o)
                              CMakeFiles/picowhisperer.dir/usr/share/pico-sdk/src/rp2_common/pico_malloc/pico_malloc.c.obj (malloc)
/usr/lib/gcc/arm-none-eabi/13.2.0/../../../../arm-none-eabi/lib/thumb/v6-m/nofp/libg.a(libc_a-mallocr.o)
                              /usr/lib/gcc/arm-none-eabi/13.2.0/../../../../arm-none-eabi/lib/thumb/v6-m/nofp/libg.a(libc_a-callocr.o) (_malloc_r)
/usr/lib/gcc/arm-none-eabi/13.2.0/../../../../arm-none-eabi/lib/thumb/v6-m/nofp/libg.a(libc_a-mlock.o)
                              /usr/lib/gcc/arm-none-eabi/13.2.0/../../../../arm-none-eabi/lib/thumb/v6-m/nofp/libg.a(libc_a-mallocr.o) (__malloc_lock)
/usr/lib/gcc/arm-none-eabi/13.2.0/../../../../arm-none-eabi/lib/thumb/v6-m/nofp/libg.a(libc_a-realloc.o)
                              CMakeFiles/picowhisperer.dir/usr/share/pico-sdk/src/rp2_common/pico_malloc/pico_malloc.c.obj (realloc)
/usr/lib/gcc/arm-none-eabi/13.2.0/../../../../arm-none-eabi/lib/thumb/v6-m/nofp/libg.a(libc_a-reallocr.o)
                              /usr/lib/gcc/arm-none-eabi/13.2.0/../../../../arm-none-eabi/lib/thumb/v6-m/nofp/libg.a(libc_a-realloc.o) (_realloc_r)
/usr/lib/gcc/arm-none-eabi/13.2.0/../../../../arm-none-eabi/lib/thumb/v6-m/nofp/libg.a(libc_a-strtol.o)
                              /usr/lib/gcc/arm-none-eabi/13.2.0/../../../../arm-none-eabi/lib/thumb/v6-m/nofp/libg.a(libc_a-atoi.o) (_strtol_r)
/usr/lib/gcc/arm-none-eabi/13.2.0/../../../../arm-none-eabi/lib/thumb/v6-m/nofp/libg.a(libc_a-ctype_.o)
                              /usr/lib/gcc/arm-none-eabi/13.2.0/../../../../arm-none-eabi/lib/thumb/v6-m/nofp/libg.a(libc_a-strtol.o) (_ctype_)
/usr/lib/gcc/arm-none-eabi/13.2.0/../../../../arm-none-eabi/lib/thumb/v6-m/nofp/libg.a(libc_a-memcmp.o)
                              CMakeFiles/picowhisperer.dir/usr/share/pico-sdk/lib/cyw43-driver/src/cyw43_ll.c.obj (memcmp)
/usr/lib/gcc/arm-none-eabi/13.2.0/../../../../arm-none-eabi/lib/thumb/v6-m/nofp/libg.a(libc_a-memmove.o)
                              CMakeFiles/picowhisperer.dir/usr/share/pico-sdk/lib/cyw43-driver/src/cyw43_ll.c.obj (memmove)
/usr/lib/gcc/arm-none-eabi/13.2.0/../../../../arm-none-eabi/lib/thumb/v6-m/nofp/libg.a(libc_a-strncmp.o)
                              CMakeFiles/picowhisperer.dir/usr/share/pico-sdk/lib/cyw43-driver/src/cyw43_ll.c.obj (strncmp)
/usr/lib/gcc/arm-none-eabi/13.2.0/../../../../arm-none-eabi/lib/thumb/v6-m/nofp/libg.a(libc_a-impure.o)
                              /usr/lib/gcc/arm-none-eabi/13.2.0/../../../../arm-none-eabi/lib/thumb/v6-m/nofp/libg.a(libc_a-calloc.o) (_impure_ptr)
/usr/lib/gcc/arm-none-eabi/13.2.0/../../../../arm-none-eabi/lib/thumb/v6-m/nofp/libg.a(libc_a-sbrkr.o)
                              /usr/lib/gcc/arm-none-eabi/13.2.0/../../../../arm-none-eabi/lib/thumb/v6-m/nofp/libg.a(libc_a-mallocr.o) (_sbrk_r)
/usr/lib/gcc/arm-none-eabi/13.2.0/../../../../arm-none-eabi/lib/thumb/v6-m/nofp/libg.a(libc_a-errno.o)
                              /usr/lib/gcc/arm-none-eabi/13.2.0/../../../../arm-none-eabi/lib/thumb/v6-m/nofp/libg.a(libc_a-callocr.o) (__errno)
/usr/lib/gcc/arm-none-eabi/13.2.0/../../../../arm-none-eabi/lib/thumb/v6-m/nofp/libg.a(libc_a-init.o)
                              /usr/lib/gcc/arm-none-eabi/13.2.0/../../../../arm-none-eabi/lib/thumb/v6-m/nofp/crt0.o (__libc_init_array)
/usr/lib/gcc/arm-none-eabi/13.2.0/../../../../arm-none-eabi/lib/thumb/v6-m/nofp/libg.a(libc_a-fini.o)
                              /usr/lib/gcc/arm-none-eabi/13.2.0/../../../../arm-none-eabi/lib/thumb/v6-m/nofp/crt0.o (__libc_fini_array)
/usr/lib/gcc/arm-none-eabi/13.2.0/../../../../arm-none-eabi/lib/thumb/v6-m/nofp/libg.a(libc_a-lock.o)
[...]
Memory Configuration

Name             Origin             Length             Attributes
FLASH            0x10000000         0x00200000         xr
RAM              0x20000000         0x00040000         xrw
SCRATCH_X        0x20040000         0x00001000         xrw
SCRATCH_Y        0x20041000         0x00001000         xrw
*default*        0x00000000         0xffffffff

Linker script and memory map

LOAD /usr/lib/gcc/arm-none-eabi/13.2.0/thumb/v6-m/nofp/crti.o
LOAD /usr/lib/gcc/arm-none-eabi/13.2.0/thumb/v6-m/nofp/crtbegin.o
LOAD /usr/lib/gcc/arm-none-eabi/13.2.0/../../../../arm-none-eabi/lib/thumb/v6-m/nofp/crt0.o

.flash_begin    0x10000000        0x0
                0x10000000                        __flash_binary_start = .

.boot2          0x10000000      0x100
                0x10000000                        __boot2_start__ = .
 *(.boot2)
 .boot2         0x10000000      0x100 /tmp/ccvRDxig.o
                0x10000100                        __boot2_end__ = .
                0x00000001                        ASSERT (((__boot2_end__ - __boot2_start__) == 0x100), ERROR: Pico second stage bootloader must be 256 bytes in size)

.text           0x10000100     0xb780
                0x10000100                        __logical_binary_start = .
 *(.vectors)
 .vectors       0x10000100       0xd4 CMakeFiles/picowhisperer.dir/usr/share/pico-sdk/src/rp2_common/pico_standard_link/crt0.S.obj
                0x10000100                __vectors
                0x10000100                __VECTOR_TABLE
                0x100001c0                isr_invalid
                0x100001c0                __default_isrs_start
                0x100001c2                isr_nmi
                0x100001c4                isr_hardfault
                0x100001c6                isr_svcall
                0x100001c8                isr_pendsv
                0x100001ca                isr_systick
                0x100001cc                isr_irq30
                0x100001cc                __unhandled_user_irq
                0x100001cc                isr_irq13
                0x100001cc                isr_irq27
                0x100001cc                isr_irq31
                0x100001cc                isr_irq5
                0x100001cc                isr_irq11
                0x100001cc                isr_irq23
                0x100001cc                isr_irq18
                0x100001cc                isr_irq28
                0x100001cc                isr_irq19
                0x100001cc                isr_irq0
                0x100001cc                isr_irq6
                0x100001cc                isr_irq22
                0x100001cc                isr_irq17
                0x100001cc                isr_irq14
                0x100001cc                isr_irq2
                0x100001cc                isr_irq10
                0x100001cc                isr_irq8
                0x100001cc                isr_irq24
                0x100001cc                isr_irq1
                0x100001cc                isr_irq7
                0x100001cc                isr_irq21
                0x100001cc                isr_irq20
                0x100001cc                isr_irq15
                0x100001cc                isr_irq25
                0x100001cc                isr_irq4
                0x100001cc                isr_irq16
                0x100001cc                isr_irq29
                0x100001cc                isr_irq26
                0x100001cc                __default_isrs_end
                0x100001cc                isr_irq3
                0x100001cc                isr_irq12
                0x100001cc                isr_irq9
                0x100001d2                unhandled_user_irq_num_in_r0
 *(.binary_info_header)
 .binary_info_header
                0x100001d4       0x14 CMakeFiles/picowhisperer.dir/usr/share/pico-sdk/src/rp2_common/pico_standard_link/crt0.S.obj
                0x100001e8                        __binary_info_header_end = .
 *(.reset)
 .reset         0x100001e8       0xa0 CMakeFiles/picowhisperer.dir/usr/share/pico-sdk/src/rp2_common/pico_standard_link/crt0.S.obj
                0x100001e8                _entry_point
 .reset         0x10000288       0x30 CMakeFiles/picowhisperer.dir/usr/share/pico-sdk/src/rp2_common/pico_standard_link/binary_info.c.obj
 *(.init)
 .init          0x100002b8        0x4 /usr/lib/gcc/arm-none-eabi/13.2.0/thumb/v6-m/nofp/crti.o
                0x100002b8                _init
 *(EXCLUDE_FILE(*libm.a: *libc.a:*lib_a-mem*.o *libgcc.a:) .text*)
 .text.frame_dummy
                0x100002bc       0x20 /usr/lib/gcc/arm-none-eabi/13.2.0/thumb/v6-m/nofp/crtbegin.o
 .text.main     0x100002dc       0x98 CMakeFiles/picowhisperer.dir/ghettoglitcher.cpp.obj
                0x100002dc                main
 .text._Z15read_from_stdinv
                0x10000374       0x40 CMakeFiles/picowhisperer.dir/serial_console.cpp.obj
                0x10000374                read_from_stdin()
 .text._Z14handle_commandPc
                0x100003b4       0xe8 CMakeFiles/picowhisperer.dir/serial_console.cpp.obj
                0x100003b4                handle_command(char*)
 .text._Z14serial_consolev
                0x1000049c       0x88 CMakeFiles/picowhisperer.dir/serial_console.cpp.obj
                0x1000049c                serial_console()
 .text._ZN13SerialTriggerC2Ev
                0x10000524        0xc CMakeFiles/picowhisperer.dir/serial_trigger.cpp.obj
                0x10000524                SerialTrigger::SerialTrigger()
                0x10000524                SerialTrigger::SerialTrigger()
 .text._ZN13SerialTrigger10SetPatternEPhm
                0x10000530       0x44 CMakeFiles/picowhisperer.dir/serial_trigger.cpp.obj
                0x10000530                SerialTrigger::SetPattern(unsigned char*, unsigned long)
 .text.gpio_set_function
                0x10000574       0x30 CMakeFiles/picowhisperer.dir/usr/share/pico-sdk/src/rp2_common/hardware_gpio/gpio.c.obj
                0x10000574                gpio_set_function
 .text.gpio_set_pulls
                0x100005a4       0x34 CMakeFiles/picowhisperer.dir/usr/share/pico-sdk/src/rp2_common/hardware_gpio/gpio.c.obj
                0x100005a4                gpio_set_pulls
 .text.gpio_set_input_hysteresis_enabled
                0x100005d8       0x30 CMakeFiles/picowhisperer.dir/usr/share/pico-sdk/src/rp2_common/hardware_gpio/gpio.c.obj
                0x100005d8                gpio_set_input_hysteresis_enabled
 .text.gpio_add_raw_irq_handler_with_order_priority_masked
                0x10000608       0x40 CMakeFiles/picowhisperer.dir/usr/share/pico-sdk/src/rp2_common/hardware_gpio/gpio.c.obj
                0x10000608                gpio_add_raw_irq_handler_with_order_priority_masked
 .text.gpio_remove_raw_irq_handler_masked
                0x10000648       0x48 CMakeFiles/picowhisperer.dir/usr/share/pico-sdk/src/rp2_common/hardware_gpio/gpio.c.obj
                0x10000648                gpio_remove_raw_irq_handler_masked
 .text.gpio_acknowledge_irq
                0x10000690       0x18 CMakeFiles/picowhisperer.dir/usr/share/pico-sdk/src/rp2_common/hardware_gpio/gpio.c.obj
                0x10000690                gpio_acknowledge_irq
 .text._gpio_set_irq_enabled
                0x100006a8       0x34 CMakeFiles/picowhisperer.dir/usr/share/pico-sdk/src/rp2_common/hardware_gpio/gpio.c.obj
 .text.gpio_set_irq_enabled
                0x100006dc       0x20 CMakeFiles/picowhisperer.dir/usr/share/pico-sdk/src/rp2_common/hardware_gpio/gpio.c.obj
                0x100006dc                gpio_set_irq_enabled
 .text.gpio_init
                0x100006fc       0x16 CMakeFiles/picowhisperer.dir/usr/share/pico-sdk/src/rp2_common/hardware_gpio/gpio.c.obj
                0x100006fc                gpio_init
 *fill*         0x10000712        0x2 
 .text.running_on_fpga
                0x10000714       0x14 CMakeFiles/picowhisperer.dir/usr/share/pico-sdk/src/rp2_common/pico_platform/platform.c.obj
                0x10000714                running_on_fpga
 .text.hw_claim_lock
                0x10000728       0x18 CMakeFiles/picowhisperer.dir/usr/share/pico-sdk/src/rp2_common/hardware_claim/claim.c.obj
                0x10000728                hw_claim_lock
 .text.hw_claim_unlock
                0x10000740       0x14 CMakeFiles/picowhisperer.dir/usr/share/pico-sdk/src/rp2_common/hardware_claim/claim.c.obj
                0x10000740                hw_claim_unlock
 .text.hw_claim_or_assert
                0x10000754       0x32 CMakeFiles/picowhisperer.dir/usr/share/pico-sdk/src/rp2_common/hardware_claim/claim.c.obj
                0x10000754                hw_claim_or_assert
 .text.hw_claim_unused_from_range
                0x10000786       0x50 CMakeFiles/picowhisperer.dir/usr/share/pico-sdk/src/rp2_common/hardware_claim/claim.c.obj
                0x10000786                hw_claim_unused_from_range
 *fill*         0x100007d6        0x2 
 .text.hw_claim_clear
                0x100007d8       0x40 CMakeFiles/picowhisperer.dir/usr/share/pico-sdk/src/rp2_common/hardware_claim/claim.c.obj
                0x100007d8                hw_claim_clear
 .text.spin_locks_reset
                0x10000818       0x20 CMakeFiles/picowhisperer.dir/usr/share/pico-sdk/src/rp2_common/hardware_sync/sync.c.obj
                0x10000818                spin_locks_reset
 .text.next_striped_spin_lock_num
                0x10000838       0x1c CMakeFiles/picowhisperer.dir/usr/share/pico-sdk/src/rp2_common/hardware_sync/sync.c.obj
                0x10000838                next_striped_spin_lock_num
 .text.spin_lock_claim_unused
                0x10000854       0x24 CMakeFiles/picowhisperer.dir/usr/share/pico-sdk/src/rp2_common/hardware_sync/sync.c.obj
                0x10000854                spin_lock_claim_unused
 .text.set_raw_irq_handler_and_unlock
                0x10000878       0x28 CMakeFiles/picowhisperer.dir/usr/share/pico-sdk/src/rp2_common/hardware_irq/irq.c.obj
 .text.get_user_irq_claim_index
                0x100008a0        0x6 CMakeFiles/picowhisperer.dir/usr/share/pico-sdk/src/rp2_common/hardware_irq/irq.c.obj
 *fill*         0x100008a6        0x2 
 .text.resolve_branch
                0x100008a8       0x30 CMakeFiles/picowhisperer.dir/usr/share/pico-sdk/src/rp2_common/hardware_irq/irq.c.obj
 .text.make_branch
                0x100008d8       0x48 CMakeFiles/picowhisperer.dir/usr/share/pico-sdk/src/rp2_common/hardware_irq/irq.c.obj
 .text.insert_branch_and_link
                0x10000920       0x40 CMakeFiles/picowhisperer.dir/usr/share/pico-sdk/src/rp2_common/hardware_irq/irq.c.obj
 .text.irq_is_enabled
                0x10000960       0x18 CMakeFiles/picowhisperer.dir/usr/share/pico-sdk/src/rp2_common/hardware_irq/irq.c.obj
                0x10000960                irq_is_enabled
 .text.irq_set_mask_enabled
                0x10000978       0x20 CMakeFiles/picowhisperer.dir/usr/share/pico-sdk/src/rp2_common/hardware_irq/irq.c.obj
                0x10000978                irq_set_mask_enabled
 .text.irq_set_enabled
                0x10000998        0xe CMakeFiles/picowhisperer.dir/usr/share/pico-sdk/src/rp2_common/hardware_irq/irq.c.obj
                0x10000998                irq_set_enabled
 *fill*         0x100009a6        0x2 
 .text.irq_set_pending
                0x100009a8       0x10 CMakeFiles/picowhisperer.dir/usr/share/pico-sdk/src/rp2_common/hardware_irq/irq.c.obj
                0x100009a8                irq_set_pending
 .text.irq_get_vtable_handler
                0x100009b8       0x10 CMakeFiles/picowhisperer.dir/usr/share/pico-sdk/src/rp2_common/hardware_irq/irq.c.obj
                0x100009b8                irq_get_vtable_handler
 .text.irq_has_shared_handler
                0x100009c8       0x24 CMakeFiles/picowhisperer.dir/usr/share/pico-sdk/src/rp2_common/hardware_irq/irq.c.obj
                0x100009c8                irq_has_shared_handler
 .text.irq_set_exclusive_handler
                0x100009ec       0x54 CMakeFiles/picowhisperer.dir/usr/share/pico-sdk/src/rp2_common/hardware_irq/irq.c.obj
                0x100009ec                irq_set_exclusive_handler
 .text.irq_add_shared_handler
                0x10000a40      0x210 CMakeFiles/picowhisperer.dir/usr/share/pico-sdk/src/rp2_common/hardware_irq/irq.c.obj
                0x10000a40                irq_add_shared_handler
 .text.irq_remove_handler
                0x10000c50      0x188 CMakeFiles/picowhisperer.dir/usr/share/pico-sdk/src/rp2_common/hardware_irq/irq.c.obj
                0x10000c50                irq_remove_handler
 .text.irq_set_priority
                0x10000dd8       0x28 CMakeFiles/picowhisperer.dir/usr/share/pico-sdk/src/rp2_common/hardware_irq/irq.c.obj
                0x10000dd8                irq_set_priority
 .text.irq_add_tail_to_free_list
                0x10000e00       0xf0 CMakeFiles/picowhisperer.dir/usr/share/pico-sdk/src/rp2_common/hardware_irq/irq.c.obj
                0x10000e00                irq_add_tail_to_free_list
 .text.irq_init_priorities
                0x10000ef0       0x1c CMakeFiles/picowhisperer.dir/usr/share/pico-sdk/src/rp2_common/hardware_irq/irq.c.obj
                0x10000ef0                irq_init_priorities
 .text.user_irq_unclaim
                0x10000f0c       0x18 CMakeFiles/picowhisperer.dir/usr/share/pico-sdk/src/rp2_common/hardware_irq/irq.c.obj
                0x10000f0c                user_irq_unclaim
 .text.user_irq_claim_unused
                0x10000f24       0x2c CMakeFiles/picowhisperer.dir/usr/share/pico-sdk/src/rp2_common/hardware_irq/irq.c.obj
                0x10000f24                user_irq_claim_unused
 .text.sem_init
                0x10000f50       0x1e CMakeFiles/picowhisperer.dir/usr/share/pico-sdk/src/common/pico_sync/sem.c.obj
                0x10000f50                sem_init
 *fill*         0x10000f6e        0x2 
 .text.lock_init
                0x10000f70       0x10 CMakeFiles/picowhisperer.dir/usr/share/pico-sdk/src/common/pico_sync/lock_core.c.obj
                0x10000f70                lock_init
 .text.update_us_since_boot
                0x10000f80       0x24 CMakeFiles/picowhisperer.dir/usr/share/pico-sdk/src/common/pico_sync/mutex.c.obj
 .text.delayed_by_ms
                0x10000fa4       0x44 CMakeFiles/picowhisperer.dir/usr/share/pico-sdk/src/common/pico_sync/mutex.c.obj
 .text.get_absolute_time
                0x10000fe8       0x22 CMakeFiles/picowhisperer.dir/usr/share/pico-sdk/src/common/pico_sync/mutex.c.obj
 .text.make_timeout_time_ms
                0x1000100a       0x20 CMakeFiles/picowhisperer.dir/usr/share/pico-sdk/src/common/pico_sync/mutex.c.obj
 .text.mutex_init
                0x1000102a       0x1a CMakeFiles/picowhisperer.dir/usr/share/pico-sdk/src/common/pico_sync/mutex.c.obj
                0x1000102a                mutex_init
 .text.recursive_mutex_init
                0x10001044       0x1e CMakeFiles/picowhisperer.dir/usr/share/pico-sdk/src/common/pico_sync/mutex.c.obj
                0x10001044                recursive_mutex_init
 *fill*         0x10001062        0x2 
 .text.critical_section_init_with_lock_num
                0x10001064       0x14 CMakeFiles/picowhisperer.dir/usr/share/pico-sdk/src/common/pico_sync/critical_section.c.obj
                0x10001064                critical_section_init_with_lock_num
 .text.critical_section_init
                0x10001078       0x14 CMakeFiles/picowhisperer.dir/usr/share/pico-sdk/src/common/pico_sync/critical_section.c.obj
                0x10001078                critical_section_init
 .text.time_reached
                0x1000108c       0x28 CMakeFiles/picowhisperer.dir/usr/share/pico-sdk/src/common/pico_time/time.c.obj
 .text.get_entry
                0x100010b4       0x38 CMakeFiles/picowhisperer.dir/usr/share/pico-sdk/src/common/pico_time/time.c.obj
 .text.timer_pool_entry_comparator
                0x100010ec       0x2e CMakeFiles/picowhisperer.dir/usr/share/pico-sdk/src/common/pico_time/time.c.obj
                0x100010ec                timer_pool_entry_comparator
 *fill*         0x1000111a        0x2 
 .text.update_us_since_boot
                0x1000111c       0x24 CMakeFiles/picowhisperer.dir/usr/share/pico-sdk/src/common/pico_time/time.c.obj
 .text.delayed_by_us
                0x10001140       0x34 CMakeFiles/picowhisperer.dir/usr/share/pico-sdk/src/common/pico_time/time.c.obj
 .text.ph_get_node
                0x10001174       0x30 CMakeFiles/picowhisperer.dir/usr/share/pico-sdk/src/common/pico_time/time.c.obj
 .text.ph_contains_node
                0x100011a4       0x1e CMakeFiles/picowhisperer.dir/usr/share/pico-sdk/src/common/pico_time/time.c.obj
 .text.ph_new_node
                0x100011c2       0x28 CMakeFiles/picowhisperer.dir/usr/share/pico-sdk/src/common/pico_time/time.c.obj
 *fill*         0x100011ea        0x2 
 .text.ph_add_child_node
                0x100011ec       0x6c CMakeFiles/picowhisperer.dir/usr/share/pico-sdk/src/common/pico_time/time.c.obj
 .text.ph_merge_nodes
                0x10001258       0x3e CMakeFiles/picowhisperer.dir/usr/share/pico-sdk/src/common/pico_time/time.c.obj
 *fill*         0x10001296        0x2 
 .text.ph_insert_node
                0x10001298       0x3c CMakeFiles/picowhisperer.dir/usr/share/pico-sdk/src/common/pico_time/time.c.obj
 .text.ph_free_node
                0x100012d4       0x5c CMakeFiles/picowhisperer.dir/usr/share/pico-sdk/src/common/pico_time/time.c.obj
 .text.get_entry_id_high
                0x10001330       0x30 CMakeFiles/picowhisperer.dir/usr/share/pico-sdk/src/common/pico_time/time.c.obj
 .text.alarm_pool_post_alloc_init
                0x10001360       0x40 CMakeFiles/picowhisperer.dir/usr/share/pico-sdk/src/common/pico_time/time.c.obj
 .text.sleep_until_callback
                0x100013a0       0x30 CMakeFiles/picowhisperer.dir/usr/share/pico-sdk/src/common/pico_time/time.c.obj
 .text.get_absolute_time
                0x100013d0       0x22 CMakeFiles/picowhisperer.dir/usr/share/pico-sdk/src/common/pico_time/time.c.obj
 .text.make_timeout_time_us
                0x100013f2       0x24 CMakeFiles/picowhisperer.dir/usr/share/pico-sdk/src/common/pico_time/time.c.obj
 *fill*         0x10001416        0x2 
 .text.add_alarm_under_lock
                0x10001418       0x94 CMakeFiles/picowhisperer.dir/usr/share/pico-sdk/src/common/pico_time/time.c.obj
 .text.alarm_pool_alarm_callback
                0x100014ac      0x210 CMakeFiles/picowhisperer.dir/usr/share/pico-sdk/src/common/pico_time/time.c.obj
 .text.alarm_pool_init_default
                0x100016bc       0x40 CMakeFiles/picowhisperer.dir/usr/share/pico-sdk/src/common/pico_time/time.c.obj
                0x100016bc                alarm_pool_init_default
 .text.alarm_pool_get_default
                0x100016fc       0x2c CMakeFiles/picowhisperer.dir/usr/share/pico-sdk/src/common/pico_time/time.c.obj
                0x100016fc                alarm_pool_get_default
 .text.alarm_pool_create_with_unused_hardware_alarm
                0x10001728       0x44 CMakeFiles/picowhisperer.dir/usr/share/pico-sdk/src/common/pico_time/time.c.obj
                0x10001728                alarm_pool_create_with_unused_hardware_alarm
 .text.alarm_pool_destroy
                0x1000176c       0x78 CMakeFiles/picowhisperer.dir/usr/share/pico-sdk/src/common/pico_time/time.c.obj
                0x1000176c                alarm_pool_destroy
 .text.alarm_pool_add_alarm_at
                0x100017e4      0x10e CMakeFiles/picowhisperer.dir/usr/share/pico-sdk/src/common/pico_time/time.c.obj
                0x100017e4                alarm_pool_add_alarm_at
 .text.add_alarm_at
                0x100018f2       0x2e CMakeFiles/picowhisperer.dir/usr/share/pico-sdk/src/common/pico_time/time.c.obj
 .text.alarm_pool_add_alarm_at_force_in_context
                0x10001920       0x8a CMakeFiles/picowhisperer.dir/usr/share/pico-sdk/src/common/pico_time/time.c.obj
                0x10001920                alarm_pool_add_alarm_at_force_in_context
 *fill*         0x100019aa        0x2 
 .text.alarm_pool_cancel_alarm
                0x100019ac       0xa8 CMakeFiles/picowhisperer.dir/usr/share/pico-sdk/src/common/pico_time/time.c.obj
                0x100019ac                alarm_pool_cancel_alarm
 .text.cancel_alarm
                0x10001a54       0x10 CMakeFiles/picowhisperer.dir/usr/share/pico-sdk/src/common/pico_time/time.c.obj
 .text.alarm_pool_core_num
                0x10001a64        0x4 CMakeFiles/picowhisperer.dir/usr/share/pico-sdk/src/common/pico_time/time.c.obj
                0x10001a64                alarm_pool_core_num
 .text.sleep_until
                0x10001a68       0xb0 CMakeFiles/picowhisperer.dir/usr/share/pico-sdk/src/common/pico_time/time.c.obj
                0x10001a68                sleep_until
 .text.sleep_us
                0x10001b18       0x1a CMakeFiles/picowhisperer.dir/usr/share/pico-sdk/src/common/pico_time/time.c.obj
                0x10001b18                sleep_us
 .text.sleep_ms
                0x10001b32       0x14 CMakeFiles/picowhisperer.dir/usr/share/pico-sdk/src/common/pico_time/time.c.obj
                0x10001b32                sleep_ms
 *fill*         0x10001b46        0x2 
 .text.best_effort_wfe_or_timeout
                0x10001b48       0x44 CMakeFiles/picowhisperer.dir/usr/share/pico-sdk/src/common/pico_time/time.c.obj
                0x10001b48                best_effort_wfe_or_timeout
 .text.update_us_since_boot
                0x10001b8c       0x24 CMakeFiles/picowhisperer.dir/usr/share/pico-sdk/src/rp2_common/hardware_timer/timer.c.obj
 .text.hardware_alarm_irq_handler
                0x10001bb0       0x8c CMakeFiles/picowhisperer.dir/usr/share/pico-sdk/src/rp2_common/hardware_timer/timer.c.obj
 .text.hardware_alarm_claim
                0x10001c3c       0x18 CMakeFiles/picowhisperer.dir/usr/share/pico-sdk/src/rp2_common/hardware_timer/timer.c.obj
                0x10001c3c                hardware_alarm_claim
 .text.hardware_alarm_unclaim
                0x10001c54       0x14 CMakeFiles/picowhisperer.dir/usr/share/pico-sdk/src/rp2_common/hardware_timer/timer.c.obj
                0x10001c54                hardware_alarm_unclaim
 .text.hardware_alarm_claim_unused
                0x10001c68       0x24 CMakeFiles/picowhisperer.dir/usr/share/pico-sdk/src/rp2_common/hardware_timer/timer.c.obj
                0x10001c68                hardware_alarm_claim_unused
 .text.time_us_64
                0x10001c8c       0x18 CMakeFiles/picowhisperer.dir/usr/share/pico-sdk/src/rp2_common/hardware_timer/timer.c.obj
                0x10001c8c                time_us_64
 .text.busy_wait_until
                0x10001ca4       0x28 CMakeFiles/picowhisperer.dir/usr/share/pico-sdk/src/rp2_common/hardware_timer/timer.c.obj
                0x10001ca4                busy_wait_until
 .text.busy_wait_us
                0x10001ccc       0x3a CMakeFiles/picowhisperer.dir/usr/share/pico-sdk/src/rp2_common/hardware_timer/timer.c.obj
                0x10001ccc                busy_wait_us
 *fill*         0x10001d06        0x2 
 .text.hardware_alarm_set_callback
                0x10001d08       0x90 CMakeFiles/picowhisperer.dir/usr/share/pico-sdk/src/rp2_common/hardware_timer/timer.c.obj
                0x10001d08                hardware_alarm_set_callback
 .text.hardware_alarm_set_target
                0x10001d98       0xe8 CMakeFiles/picowhisperer.dir/usr/share/pico-sdk/src/rp2_common/hardware_timer/timer.c.obj
                0x10001d98                hardware_alarm_set_target
 .text.hardware_alarm_cancel
                0x10001e80       0x40 CMakeFiles/picowhisperer.dir/usr/share/pico-sdk/src/rp2_common/hardware_timer/timer.c.obj
                0x10001e80                hardware_alarm_cancel
 .text.hardware_alarm_force_irq
                0x10001ec0       0x40 CMakeFiles/picowhisperer.dir/usr/share/pico-sdk/src/rp2_common/hardware_timer/timer.c.obj
                0x10001ec0                hardware_alarm_force_irq
 .text.ph_get_node
                0x10001f00       0x30 CMakeFiles/picowhisperer.dir/usr/share/pico-sdk/src/common/pico_util/pheap.c.obj
 .text.ph_add_child_node
                0x10001f30       0x6c CMakeFiles/picowhisperer.dir/usr/share/pico-sdk/src/common/pico_util/pheap.c.obj
 .text.ph_merge_nodes
                0x10001f9c       0x3e CMakeFiles/picowhisperer.dir/usr/share/pico-sdk/src/common/pico_util/pheap.c.obj
 .text.ph_clear
                0x10001fda       0x34 CMakeFiles/picowhisperer.dir/usr/share/pico-sdk/src/common/pico_util/pheap.c.obj
                0x10001fda                ph_clear
 .text.ph_post_alloc_init
                0x1000200e        0xe CMakeFiles/picowhisperer.dir/usr/share/pico-sdk/src/common/pico_util/pheap.c.obj
                0x1000200e                ph_post_alloc_init
 .text.ph_create
                0x1000201c       0x2c CMakeFiles/picowhisperer.dir/usr/share/pico-sdk/src/common/pico_util/pheap.c.obj
                0x1000201c                ph_create
 .text.ph_destroy
                0x10002048       0x12 CMakeFiles/picowhisperer.dir/usr/share/pico-sdk/src/common/pico_util/pheap.c.obj
                0x10002048                ph_destroy
 .text.ph_merge_two_pass
                0x1000205a       0x5c CMakeFiles/picowhisperer.dir/usr/share/pico-sdk/src/common/pico_util/pheap.c.obj
                0x1000205a                ph_merge_two_pass
 *fill*         0x100020b6        0x2 
 .text.ph_remove_any_head
                0x100020b8       0xc0 CMakeFiles/picowhisperer.dir/usr/share/pico-sdk/src/common/pico_util/pheap.c.obj
 .text.ph_remove_head
                0x10002178       0x14 CMakeFiles/picowhisperer.dir/usr/share/pico-sdk/src/common/pico_util/pheap.c.obj
                0x10002178                ph_remove_head
 .text.ph_remove_and_free_node
                0x1000218c       0xa0 CMakeFiles/picowhisperer.dir/usr/share/pico-sdk/src/common/pico_util/pheap.c.obj
                0x1000218c                ph_remove_and_free_node
 .text.uart_disable_before_lcr_write
                0x1000222c       0x48 CMakeFiles/picowhisperer.dir/usr/share/pico-sdk/src/rp2_common/hardware_uart/uart.c.obj
 .text.uart_write_lcr_bits_masked
                0x10002274       0x22 CMakeFiles/picowhisperer.dir/usr/share/pico-sdk/src/rp2_common/hardware_uart/uart.c.obj
 *fill*         0x10002296        0x2 
 .text.uart_set_baudrate
                0x10002298       0x5c CMakeFiles/picowhisperer.dir/usr/share/pico-sdk/src/rp2_common/hardware_uart/uart.c.obj
                0x10002298                uart_set_baudrate
 .text.uart_set_format
                0x100022f4       0x2c CMakeFiles/picowhisperer.dir/usr/share/pico-sdk/src/rp2_common/hardware_uart/uart.c.obj
                0x100022f4                uart_set_format
 .text.uart_set_translate_crlf
                0x10002320       0x28 CMakeFiles/picowhisperer.dir/usr/share/pico-sdk/src/rp2_common/hardware_uart/uart.c.obj
                0x10002320                uart_set_translate_crlf
 .text.uart_init
                0x10002348       0x80 CMakeFiles/picowhisperer.dir/usr/share/pico-sdk/src/rp2_common/hardware_uart/uart.c.obj
                0x10002348                uart_init
 .text.clock_configure
                0x100023c8      0x108 CMakeFiles/picowhisperer.dir/usr/share/pico-sdk/src/rp2_common/hardware_clocks/clocks.c.obj
                0x100023c8                clock_configure
 .text.clocks_init
                0x100024d0      0x100 CMakeFiles/picowhisperer.dir/usr/share/pico-sdk/src/rp2_common/hardware_clocks/clocks.c.obj
                0x100024d0                clocks_init
 .text.clock_get_hz
                0x100025d0        0xc CMakeFiles/picowhisperer.dir/usr/share/pico-sdk/src/rp2_common/hardware_clocks/clocks.c.obj
                0x100025d0                clock_get_hz
 .text.pll_init
                0x100025dc      0x120 CMakeFiles/picowhisperer.dir/usr/share/pico-sdk/src/rp2_common/hardware_pll/pll.c.obj
                0x100025dc                pll_init
 .text.watchdog_start_tick
                0x100026fc       0x10 CMakeFiles/picowhisperer.dir/usr/share/pico-sdk/src/rp2_common/hardware_watchdog/watchdog.c.obj
                0x100026fc                watchdog_start_tick
 .text.watchdog_update
                0x1000270c       0x14 CMakeFiles/picowhisperer.dir/usr/share/pico-sdk/src/rp2_common/hardware_watchdog/watchdog.c.obj
                0x1000270c                watchdog_update
 .text._watchdog_enable
                0x10002720       0x78 CMakeFiles/picowhisperer.dir/usr/share/pico-sdk/src/rp2_common/hardware_watchdog/watchdog.c.obj
                0x10002720                _watchdog_enable
 .text.watchdog_reboot
                0x10002798       0x48 CMakeFiles/picowhisperer.dir/usr/share/pico-sdk/src/rp2_common/hardware_watchdog/watchdog.c.obj
                0x10002798                watchdog_reboot
 .text.xosc_init
                0x100027e0       0x28 CMakeFiles/picowhisperer.dir/usr/share/pico-sdk/src/rp2_common/hardware_xosc/xosc.c.obj
                0x100027e0                xosc_init
 .text._exit    0x10002808        0x4 CMakeFiles/picowhisperer.dir/usr/share/pico-sdk/src/rp2_common/pico_runtime/runtime.c.obj
                0x10002808                _exit
 .text._sbrk    0x1000280c       0x38 CMakeFiles/picowhisperer.dir/usr/share/pico-sdk/src/rp2_common/pico_runtime/runtime.c.obj
                0x1000280c                _sbrk
 .text.exit     0x10002844        0x6 CMakeFiles/picowhisperer.dir/usr/share/pico-sdk/src/rp2_common/pico_runtime/runtime.c.obj
                0x10002844                exit
 *fill*         0x1000284a        0x2 
 .text.__assert_func
                0x1000284c       0x38 CMakeFiles/picowhisperer.dir/usr/share/pico-sdk/src/rp2_common/pico_runtime/runtime.c.obj
                0x1000284c                __assert_func
 .text.runtime_init
                0x10002884       0xf8 CMakeFiles/picowhisperer.dir/usr/share/pico-sdk/src/rp2_common/pico_runtime/runtime.c.obj
                0x10002884                runtime_init
 .text.panic    0x1000297c       0x30 CMakeFiles/picowhisperer.dir/usr/share/pico-sdk/src/rp2_common/pico_runtime/runtime.c.obj
                0x1000297c                panic
 .text.panic_unsupported
                0x100029ac        0xc CMakeFiles/picowhisperer.dir/usr/share/pico-sdk/src/rp2_common/pico_runtime/runtime.c.obj
                0x100029ac                panic_unsupported
 .text._out_null
                0x100029b8        0x2 CMakeFiles/picowhisperer.dir/usr/share/pico-sdk/src/rp2_common/pico_printf/printf.c.obj
 .text._out_fct
                0x100029ba        0xe CMakeFiles/picowhisperer.dir/usr/share/pico-sdk/src/rp2_common/pico_printf/printf.c.obj
 .text._atoi    0x100029c8       0x24 CMakeFiles/picowhisperer.dir/usr/share/pico-sdk/src/rp2_common/pico_printf/printf.c.obj
 .text._out_rev
                0x100029ec       0xae CMakeFiles/picowhisperer.dir/usr/share/pico-sdk/src/rp2_common/pico_printf/printf.c.obj
 .text._ntoa_format
                0x10002a9a      0x110 CMakeFiles/picowhisperer.dir/usr/share/pico-sdk/src/rp2_common/pico_printf/printf.c.obj
 .text._ntoa_long
                0x10002baa       0xbc CMakeFiles/picowhisperer.dir/usr/share/pico-sdk/src/rp2_common/pico_printf/printf.c.obj
 .text._ntoa_long_long
                0x10002c66      0x10e CMakeFiles/picowhisperer.dir/usr/share/pico-sdk/src/rp2_common/pico_printf/printf.c.obj
 .text._etoa    0x10002d74      0x420 CMakeFiles/picowhisperer.dir/usr/share/pico-sdk/src/rp2_common/pico_printf/printf.c.obj
 .text._ftoa    0x10003194      0x354 CMakeFiles/picowhisperer.dir/usr/share/pico-sdk/src/rp2_common/pico_printf/printf.c.obj
 .text._vsnprintf
                0x100034e8      0x668 CMakeFiles/picowhisperer.dir/usr/share/pico-sdk/src/rp2_common/pico_printf/printf.c.obj
 .text.vfctprintf
                0x10003b50       0x20 CMakeFiles/picowhisperer.dir/usr/share/pico-sdk/src/rp2_common/pico_printf/printf.c.obj
                0x10003b50                vfctprintf
 .text          0x10003b70       0x10 CMakeFiles/picowhisperer.dir/usr/share/pico-sdk/src/rp2_common/pico_bit_ops/bit_ops_aeabi.S.obj
 .text.ctzsi    0x10003b80        0xc CMakeFiles/picowhisperer.dir/usr/share/pico-sdk/src/rp2_common/pico_bit_ops/bit_ops_aeabi.S.obj
                0x10003b80                __wrap___ctzsi2
 .text.rom_func_lookup
                0x10003b8c       0x10 CMakeFiles/picowhisperer.dir/usr/share/pico-sdk/src/rp2_common/pico_bootrom/bootrom.c.obj
                0x10003b8c                rom_func_lookup
 .text.rom_data_lookup
                0x10003b9c       0x10 CMakeFiles/picowhisperer.dir/usr/share/pico-sdk/src/rp2_common/pico_bootrom/bootrom.c.obj
                0x10003b9c                rom_data_lookup
 .text.rom_funcs_lookup
                0x10003bac       0x36 CMakeFiles/picowhisperer.dir/usr/share/pico-sdk/src/rp2_common/pico_bootrom/bootrom.c.obj
                0x10003bac                rom_funcs_lookup
 *fill*         0x10003be2        0x2 
 .text.__wrap___aeabi_idiv
                0x10003be4       0x50 CMakeFiles/picowhisperer.dir/usr/share/pico-sdk/src/rp2_common/pico_divider/divider.S.obj
                0x10003be4                __wrap___aeabi_idivmod
                0x10003be4                divmod_s32s32
                0x10003be4                div_s32s32
                0x10003be4                __wrap___aeabi_idiv
                0x10003bec                divmod_s32s32_unsafe
                0x10003c18                divmod_s32s32_savestate
 .text.__wrap___aeabi_uidiv
                0x10003c34       0x4c CMakeFiles/picowhisperer.dir/usr/share/pico-sdk/src/rp2_common/pico_divider/divider.S.obj
                0x10003c34                __wrap___aeabi_uidiv
                0x10003c34                __wrap___aeabi_uidivmod
                0x10003c34                div_u32u32
                0x10003c34                divmod_u32u32
                0x10003c3c                divmod_u32u32_unsafe
                0x10003c64                divmod_u32u32_savestate
 .text.__wrap___aeabi_ldiv
                0x10003c80      0x424 CMakeFiles/picowhisperer.dir/usr/share/pico-sdk/src/rp2_common/pico_divider/divider.S.obj
                0x10003c80                div_s64s64
                0x10003c80                divmod_s64s64
                0x10003c80                __wrap___aeabi_ldivmod
                0x10003cb0                div_u64u64
                0x10003cb0                divmod_u64u64
                0x10003cb0                __wrap___aeabi_uldivmod
                0x10003cc0                divmod_u64u64_savestate
                0x10003ce0                divmod_s64s64_unsafe
                0x10003d68                divmod_u64u64_unsafe
 .text.__wrap___aeabi_darithmetic
                0x100040a4       0x60 CMakeFiles/picowhisperer.dir/usr/share/pico-sdk/src/rp2_common/pico_double/double_aeabi.S.obj
                0x100040a4                __wrap___aeabi_drsub
                0x100040aa                __wrap___aeabi_dsub
                0x100040b4                __wrap___aeabi_dadd
                0x100040be                __wrap___aeabi_ddiv
                0x100040f2                __wrap___aeabi_dmul
 .text.__wrap___aeabi_cdcmple
                0x10004104       0x6c CMakeFiles/picowhisperer.dir/usr/share/pico-sdk/src/rp2_common/pico_double/double_aeabi.S.obj
                0x10004104                __wrap___aeabi_cdrcmple
                0x10004114                __wrap___aeabi_cdcmple
                0x10004114                __wrap___aeabi_cdcmpeq
 .text.__wrap___aeabi_dcmplt
                0x10004170        0xc CMakeFiles/picowhisperer.dir/usr/share/pico-sdk/src/rp2_common/pico_double/double_aeabi.S.obj
                0x10004170                __wrap___aeabi_dcmplt
 .text.__wrap___aeabi_dcmple
                0x1000417c       0x10 CMakeFiles/picowhisperer.dir/usr/share/pico-sdk/src/rp2_common/pico_double/double_aeabi.S.obj
                0x1000417c                __wrap___aeabi_dcmple
 .text.__wrap___aeabi_dcmpge
                0x1000418c       0x10 CMakeFiles/picowhisperer.dir/usr/share/pico-sdk/src/rp2_common/pico_double/double_aeabi.S.obj
                0x1000418c                __wrap___aeabi_dcmpge
 .text.__wrap___aeabi_dcmpgt
                0x1000419c        0xa CMakeFiles/picowhisperer.dir/usr/share/pico-sdk/src/rp2_common/pico_double/double_aeabi.S.obj
                0x1000419c                __wrap___aeabi_dcmpgt
 .text.__wrap___aeabi_dcmpun
                0x100041a6       0x1c CMakeFiles/picowhisperer.dir/usr/share/pico-sdk/src/rp2_common/pico_double/double_aeabi.S.obj
                0x100041a6                __wrap___aeabi_dcmpun
 *fill*         0x100041c2        0x2 
 .text.__wrap___aeabi_i2d
                0x100041c4       0x38 CMakeFiles/picowhisperer.dir/usr/share/pico-sdk/src/rp2_common/pico_double/double_aeabi.S.obj
                0x100041c4                __wrap___aeabi_ui2d
                0x100041cc                __wrap___aeabi_i2d
 .text.__wrap___aeabi_d2iz
                0x100041fc       0x48 CMakeFiles/picowhisperer.dir/usr/share/pico-sdk/src/rp2_common/pico_double/double_aeabi.S.obj
                0x100041fc                __wrap___aeabi_d2iz
                0x100041fc                double2int_z
 .text.__wrap___aeabi_d2uiz
                0x10004244       0x10 CMakeFiles/picowhisperer.dir/usr/share/pico-sdk/src/rp2_common/pico_double/double_aeabi.S.obj
                0x10004244                double2uint
                0x10004244                __wrap___aeabi_d2uiz
 .text.missing_double_func_shim
                0x10004254        0xc CMakeFiles/picowhisperer.dir/usr/share/pico-sdk/src/rp2_common/pico_double/double_init_rom.c.obj
 .text.__aeabi_double_init
                0x10004260       0xd0 CMakeFiles/picowhisperer.dir/usr/share/pico-sdk/src/rp2_common/pico_double/double_init_rom.c.obj
                0x10004260                __aeabi_double_init
 .text.double_table_shim_on_use_helper
                0x10004330       0x34 CMakeFiles/picowhisperer.dir/usr/share/pico-sdk/src/rp2_common/pico_double/double_v1_rom_shim.S.obj
                0x10004330                double_table_shim_on_use_helper
 .text.__aeabi_lmul
                0x10004364       0x32 CMakeFiles/picowhisperer.dir/usr/share/pico-sdk/src/rp2_common/pico_int64_ops/pico_int64_ops_aeabi.S.obj
                0x10004364                __wrap___aeabi_lmul
 *fill*         0x10004396        0x2 
 .text.missing_float_func_shim
                0x10004398        0xc CMakeFiles/picowhisperer.dir/usr/share/pico-sdk/src/rp2_common/pico_float/float_init_rom.c.obj
 .text.__aeabi_float_init
                0x100043a4       0x88 CMakeFiles/picowhisperer.dir/usr/share/pico-sdk/src/rp2_common/pico_float/float_init_rom.c.obj
                0x100043a4                __aeabi_float_init
 .text.check_alloc
                0x1000442c       0x20 CMakeFiles/picowhisperer.dir/usr/share/pico-sdk/src/rp2_common/pico_malloc/pico_malloc.c.obj
 .text.__wrap_malloc
                0x1000444c       0x2c CMakeFiles/picowhisperer.dir/usr/share/pico-sdk/src/rp2_common/pico_malloc/pico_malloc.c.obj
                0x1000444c                __wrap_malloc
 .text.__wrap_calloc
                0x10004478       0x30 CMakeFiles/picowhisperer.dir/usr/share/pico-sdk/src/rp2_common/pico_malloc/pico_malloc.c.obj
                0x10004478                __wrap_calloc
 .text.__wrap_free
                0x100044a8       0x20 CMakeFiles/picowhisperer.dir/usr/share/pico-sdk/src/rp2_common/pico_malloc/pico_malloc.c.obj
                0x100044a8                __wrap_free
 .text          0x100044c8       0x10 CMakeFiles/picowhisperer.dir/usr/share/pico-sdk/src/rp2_common/pico_mem_ops/mem_ops_aeabi.S.obj
                0x100044c8                __aeabi_mem_init
 .text.memset   0x100044d8        0xc CMakeFiles/picowhisperer.dir/usr/share/pico-sdk/src/rp2_common/pico_mem_ops/mem_ops_aeabi.S.obj
                0x100044d8                __wrap_memset
 .text.memcpy   0x100044e4        0xc CMakeFiles/picowhisperer.dir/usr/share/pico-sdk/src/rp2_common/pico_mem_ops/mem_ops_aeabi.S.obj
                0x100044e4                __wrap___aeabi_memcpy
                0x100044e4                __wrap_memcpy
 .text.time_reached
                0x100044f0       0x28 CMakeFiles/picowhisperer.dir/usr/share/pico-sdk/src/rp2_common/pico_stdio/stdio.c.obj
 .text.stdio_out_chars_no_crlf
                0x10004518        0xe CMakeFiles/picowhisperer.dir/usr/share/pico-sdk/src/rp2_common/pico_stdio/stdio.c.obj
 *fill*         0x10004526        0x2 
 .text.stdio_out_chars_crlf
                0x10004528       0x80 CMakeFiles/picowhisperer.dir/usr/share/pico-sdk/src/rp2_common/pico_stdio/stdio.c.obj
 .text.stdio_stack_buffer_flush
                0x100045a8       0x44 CMakeFiles/picowhisperer.dir/usr/share/pico-sdk/src/rp2_common/pico_stdio/stdio.c.obj
 .text.stdio_buffered_printer
                0x100045ec       0x20 CMakeFiles/picowhisperer.dir/usr/share/pico-sdk/src/rp2_common/pico_stdio/stdio.c.obj
 .text.update_us_since_boot
                0x1000460c       0x24 CMakeFiles/picowhisperer.dir/usr/share/pico-sdk/src/rp2_common/pico_stdio/stdio.c.obj
 .text.get_absolute_time
                0x10004630       0x22 CMakeFiles/picowhisperer.dir/usr/share/pico-sdk/src/rp2_common/pico_stdio/stdio.c.obj
 *fill*         0x10004652        0x2 
 .text.delayed_by_ms
                0x10004654       0x44 CMakeFiles/picowhisperer.dir/usr/share/pico-sdk/src/rp2_common/pico_stdio/stdio.c.obj
 .text.make_timeout_time_ms
                0x10004698       0x20 CMakeFiles/picowhisperer.dir/usr/share/pico-sdk/src/rp2_common/pico_stdio/stdio.c.obj
 .text.stdio_get_until
                0x100046b8       0x64 CMakeFiles/picowhisperer.dir/usr/share/pico-sdk/src/rp2_common/pico_stdio/stdio.c.obj
 .text.stdout_serialize_begin
                0x1000471c       0x20 CMakeFiles/picowhisperer.dir/usr/share/pico-sdk/src/rp2_common/pico_stdio/stdio.c.obj
                0x1000471c                stdout_serialize_begin
 .text.stdout_serialize_end
                0x1000473c       0x10 CMakeFiles/picowhisperer.dir/usr/share/pico-sdk/src/rp2_common/pico_stdio/stdio.c.obj
                0x1000473c                stdout_serialize_end
 .text.stdio_put_string
                0x1000474c       0x98 CMakeFiles/picowhisperer.dir/usr/share/pico-sdk/src/rp2_common/pico_stdio/stdio.c.obj
 .text.__wrap_putchar
                0x100047e4       0x1c CMakeFiles/picowhisperer.dir/usr/share/pico-sdk/src/rp2_common/pico_stdio/stdio.c.obj
                0x100047e4                __wrap_putchar
 .text.stdio_set_driver_enabled
                0x10004800       0x2c CMakeFiles/picowhisperer.dir/usr/share/pico-sdk/src/rp2_common/pico_stdio/stdio.c.obj
                0x10004800                stdio_set_driver_enabled
 .text.stdio_flush
                0x1000482c       0x20 CMakeFiles/picowhisperer.dir/usr/share/pico-sdk/src/rp2_common/pico_stdio/stdio.c.obj
                0x1000482c                stdio_flush
 .text.__wrap_puts
                0x1000484c       0x1e CMakeFiles/picowhisperer.dir/usr/share/pico-sdk/src/rp2_common/pico_stdio/stdio.c.obj
                0x1000484c                __wrap_puts
 *fill*         0x1000486a        0x2 
 .text.__wrap_vprintf
                0x1000486c       0x40 CMakeFiles/picowhisperer.dir/usr/share/pico-sdk/src/rp2_common/pico_stdio/stdio.c.obj
                0x1000486c                __wrap_vprintf
 .text.__wrap_printf
                0x100048ac       0x18 CMakeFiles/picowhisperer.dir/usr/share/pico-sdk/src/rp2_common/pico_stdio/stdio.c.obj
                0x100048ac                __wrap_printf
 .text.stdio_init_all
                0x100048c4        0xe CMakeFiles/picowhisperer.dir/usr/share/pico-sdk/src/rp2_common/pico_stdio/stdio.c.obj
                0x100048c4                stdio_init_all
 *fill*         0x100048d2        0x2 
 .text.__wrap_getchar
                0x100048d4       0x40 CMakeFiles/picowhisperer.dir/usr/share/pico-sdk/src/rp2_common/pico_stdio/stdio.c.obj
                0x100048d4                __wrap_getchar
 .text.uart_putc
                0x10004914       0x60 CMakeFiles/picowhisperer.dir/usr/share/pico-sdk/src/rp2_common/pico_stdio_uart/stdio_uart.c.obj
 .text.uart_getc
                0x10004974       0x24 CMakeFiles/picowhisperer.dir/usr/share/pico-sdk/src/rp2_common/pico_stdio_uart/stdio_uart.c.obj
 .text.stdio_uart_out_chars
                0x10004998       0x20 CMakeFiles/picowhisperer.dir/usr/share/pico-sdk/src/rp2_common/pico_stdio_uart/stdio_uart.c.obj
 .text.stdio_uart_in_chars
                0x100049b8       0x5c CMakeFiles/picowhisperer.dir/usr/share/pico-sdk/src/rp2_common/pico_stdio_uart/stdio_uart.c.obj
                0x100049b8                stdio_uart_in_chars
 .text.on_uart_rx
                0x10004a14       0x28 CMakeFiles/picowhisperer.dir/usr/share/pico-sdk/src/rp2_common/pico_stdio_uart/stdio_uart.c.obj
 .text.stdio_uart_set_chars_available_callback
                0x10004a3c       0x8c CMakeFiles/picowhisperer.dir/usr/share/pico-sdk/src/rp2_common/pico_stdio_uart/stdio_uart.c.obj
 .text.stdio_uart_init_full
                0x10004ac8       0x44 CMakeFiles/picowhisperer.dir/usr/share/pico-sdk/src/rp2_common/pico_stdio_uart/stdio_uart.c.obj
                0x10004ac8                stdio_uart_init_full
 .text.stdio_uart_init
                0x10004b0c       0x28 CMakeFiles/picowhisperer.dir/usr/share/pico-sdk/src/rp2_common/pico_stdio_uart/stdio_uart.c.obj
                0x10004b0c                stdio_uart_init
 .text.resetd_init
                0x10004b34        0x2 CMakeFiles/picowhisperer.dir/usr/share/pico-sdk/src/rp2_common/pico_stdio_usb/reset_interface.c.obj
 *fill*         0x10004b36        0x2 
 .text.resetd_reset
                0x10004b38        0xc CMakeFiles/picowhisperer.dir/usr/share/pico-sdk/src/rp2_common/pico_stdio_usb/reset_interface.c.obj
 .text.resetd_open
                0x10004b44       0x34 CMakeFiles/picowhisperer.dir/usr/share/pico-sdk/src/rp2_common/pico_stdio_usb/reset_interface.c.obj
 .text.resetd_xfer_cb
                0x10004b78        0x4 CMakeFiles/picowhisperer.dir/usr/share/pico-sdk/src/rp2_common/pico_stdio_usb/reset_interface.c.obj
 .text.reset_usb_boot
                0x10004b7c       0x18 CMakeFiles/picowhisperer.dir/usr/share/pico-sdk/src/rp2_common/pico_stdio_usb/reset_interface.c.obj
 .text.resetd_control_xfer_cb
                0x10004b94       0x5c CMakeFiles/picowhisperer.dir/usr/share/pico-sdk/src/rp2_common/pico_stdio_usb/reset_interface.c.obj
 .text.usbd_app_driver_get_cb
                0x10004bf0        0xc CMakeFiles/picowhisperer.dir/usr/share/pico-sdk/src/rp2_common/pico_stdio_usb/reset_interface.c.obj
                0x10004bf0                usbd_app_driver_get_cb
 .text.tud_cdc_line_coding_cb
                0x10004bfc       0x28 CMakeFiles/picowhisperer.dir/usr/share/pico-sdk/src/rp2_common/pico_stdio_usb/reset_interface.c.obj
                0x10004bfc                tud_cdc_line_coding_cb
 .text.stdio_usb_set_chars_available_callback
                0x10004c24       0x14 CMakeFiles/picowhisperer.dir/usr/share/pico-sdk/src/rp2_common/pico_stdio_usb/stdio_usb.c.obj
                0x10004c24                stdio_usb_set_chars_available_callback
 .text.update_us_since_boot
                0x10004c38       0x24 CMakeFiles/picowhisperer.dir/usr/share/pico-sdk/src/rp2_common/pico_stdio_usb/stdio_usb.c.obj
 .text.get_absolute_time
                0x10004c5c       0x22 CMakeFiles/picowhisperer.dir/usr/share/pico-sdk/src/rp2_common/pico_stdio_usb/stdio_usb.c.obj
 *fill*         0x10004c7e        0x2 
 .text.delayed_by_ms
                0x10004c80       0x44 CMakeFiles/picowhisperer.dir/usr/share/pico-sdk/src/rp2_common/pico_stdio_usb/stdio_usb.c.obj
 .text.make_timeout_time_ms
                0x10004cc4       0x20 CMakeFiles/picowhisperer.dir/usr/share/pico-sdk/src/rp2_common/pico_stdio_usb/stdio_usb.c.obj
 .text.delayed_by_us
                0x10004ce4       0x34 CMakeFiles/picowhisperer.dir/usr/share/pico-sdk/src/rp2_common/pico_stdio_usb/stdio_usb.c.obj
 .text.usb_irq  0x10004d18       0x10 CMakeFiles/picowhisperer.dir/usr/share/pico-sdk/src/rp2_common/pico_stdio_usb/stdio_usb.c.obj
 .text.critical_section_enter_blocking
                0x10004d28       0x16 CMakeFiles/picowhisperer.dir/usr/share/pico-sdk/src/rp2_common/pico_stdio_usb/stdio_usb.c.obj
 *fill*         0x10004d3e        0x2 
 .text.timer_task
                0x10004d40       0x4c CMakeFiles/picowhisperer.dir/usr/share/pico-sdk/src/rp2_common/pico_stdio_usb/stdio_usb.c.obj
 .text.alarm_pool_add_alarm_in_us
                0x10004d8c       0x3a CMakeFiles/picowhisperer.dir/usr/share/pico-sdk/src/rp2_common/pico_stdio_usb/stdio_usb.c.obj
 .text.add_alarm_in_us
                0x10004dc6       0x2e CMakeFiles/picowhisperer.dir/usr/share/pico-sdk/src/rp2_common/pico_stdio_usb/stdio_usb.c.obj
 .text.low_priority_worker_irq
                0x10004df4       0x7c CMakeFiles/picowhisperer.dir/usr/share/pico-sdk/src/rp2_common/pico_stdio_usb/stdio_usb.c.obj
 .text.tud_cdc_rx_cb
                0x10004e70       0x20 CMakeFiles/picowhisperer.dir/usr/share/pico-sdk/src/rp2_common/pico_stdio_usb/stdio_usb.c.obj
                0x10004e70                tud_cdc_rx_cb
 .text.stdio_usb_init
                0x10004e90       0xd0 CMakeFiles/picowhisperer.dir/usr/share/pico-sdk/src/rp2_common/pico_stdio_usb/stdio_usb.c.obj
                0x10004e90                stdio_usb_init
 .text.stdio_usb_connected
                0x10004f60        0xa CMakeFiles/picowhisperer.dir/usr/share/pico-sdk/src/rp2_common/pico_stdio_usb/stdio_usb.c.obj
                0x10004f60                stdio_usb_connected
 *fill*         0x10004f6a        0x2 
 .text.stdio_usb_in_chars
                0x10004f6c       0x88 CMakeFiles/picowhisperer.dir/usr/share/pico-sdk/src/rp2_common/pico_stdio_usb/stdio_usb.c.obj
                0x10004f6c                stdio_usb_in_chars
 .text.stdio_usb_out_chars
                0x10004ff4       0xd8 CMakeFiles/picowhisperer.dir/usr/share/pico-sdk/src/rp2_common/pico_stdio_usb/stdio_usb.c.obj
 .text.tud_descriptor_device_cb
                0x100050cc        0x8 CMakeFiles/picowhisperer.dir/usr/share/pico-sdk/src/rp2_common/pico_stdio_usb/stdio_usb_descriptors.c.obj
                0x100050cc                tud_descriptor_device_cb
 .text.tud_descriptor_configuration_cb
                0x100050d4        0x8 CMakeFiles/picowhisperer.dir/usr/share/pico-sdk/src/rp2_common/pico_stdio_usb/stdio_usb_descriptors.c.obj
                0x100050d4                tud_descriptor_configuration_cb
 .text.tud_descriptor_string_cb
                0x100050dc       0x6c CMakeFiles/picowhisperer.dir/usr/share/pico-sdk/src/rp2_common/pico_stdio_usb/stdio_usb_descriptors.c.obj
                0x100050dc                tud_descriptor_string_cb
 .text._retrieve_unique_id_on_boot
                0x10005148       0x10 CMakeFiles/picowhisperer.dir/usr/share/pico-sdk/src/rp2_common/pico_unique_id/unique_id.c.obj
 .text.pico_get_unique_board_id
                0x10005158       0x10 CMakeFiles/picowhisperer.dir/usr/share/pico-sdk/src/rp2_common/pico_unique_id/unique_id.c.obj
                0x10005158                pico_get_unique_board_id
 .text.pico_get_unique_board_id_string
                0x10005168       0x5c CMakeFiles/picowhisperer.dir/usr/share/pico-sdk/src/rp2_common/pico_unique_id/unique_id.c.obj
                0x10005168                pico_get_unique_board_id_string
 .text.flash_get_unique_id
                0x100051c4       0x40 CMakeFiles/picowhisperer.dir/usr/share/pico-sdk/src/rp2_common/hardware_flash/flash.c.obj
                0x100051c4                flash_get_unique_id
 .text.hw_endpoint_get_by_addr
                0x10005204       0x18 CMakeFiles/picowhisperer.dir/usr/share/pico-sdk/lib/tinyusb/src/portable/raspberrypi/rp2040/dcd_rp2040.c.obj
 .text._hw_endpoint_alloc
                0x1000521c       0x70 CMakeFiles/picowhisperer.dir/usr/share/pico-sdk/lib/tinyusb/src/portable/raspberrypi/rp2040/dcd_rp2040.c.obj
 .text.hw_endpoint_init
                0x1000528c       0x88 CMakeFiles/picowhisperer.dir/usr/share/pico-sdk/lib/tinyusb/src/portable/raspberrypi/rp2040/dcd_rp2040.c.obj
 .text.dcd_event_sof
                0x10005314       0x2c CMakeFiles/picowhisperer.dir/usr/share/pico-sdk/lib/tinyusb/src/portable/raspberrypi/rp2040/dcd_rp2040.c.obj
 .text.hw_endpoint_xfer
                0x10005340       0x14 CMakeFiles/picowhisperer.dir/usr/share/pico-sdk/lib/tinyusb/src/portable/raspberrypi/rp2040/dcd_rp2040.c.obj
 .text.dcd_int_enable
                0x10005354       0x2c CMakeFiles/picowhisperer.dir/usr/share/pico-sdk/lib/tinyusb/src/portable/raspberrypi/rp2040/dcd_rp2040.c.obj
                0x10005354                dcd_int_enable
 .text.dcd_set_address
                0x10005380       0x2c CMakeFiles/picowhisperer.dir/usr/share/pico-sdk/lib/tinyusb/src/portable/raspberrypi/rp2040/dcd_rp2040.c.obj
                0x10005380                dcd_set_address
 .text.dcd_connect
                0x100053ac       0x10 CMakeFiles/picowhisperer.dir/usr/share/pico-sdk/lib/tinyusb/src/portable/raspberrypi/rp2040/dcd_rp2040.c.obj
                0x100053ac                dcd_connect
 .text.dcd_init
                0x100053bc       0x80 CMakeFiles/picowhisperer.dir/usr/share/pico-sdk/lib/tinyusb/src/portable/raspberrypi/rp2040/dcd_rp2040.c.obj
                0x100053bc                dcd_init
 .text.dcd_edpt0_status_complete
                0x1000543c       0x1c CMakeFiles/picowhisperer.dir/usr/share/pico-sdk/lib/tinyusb/src/portable/raspberrypi/rp2040/dcd_rp2040.c.obj
                0x1000543c                dcd_edpt0_status_complete
 .text.dcd_edpt_open
                0x10005458       0x40 CMakeFiles/picowhisperer.dir/usr/share/pico-sdk/lib/tinyusb/src/portable/raspberrypi/rp2040/dcd_rp2040.c.obj
                0x10005458                dcd_edpt_open
 .text.dcd_edpt_close_all
                0x10005498        0x8 CMakeFiles/picowhisperer.dir/usr/share/pico-sdk/lib/tinyusb/src/portable/raspberrypi/rp2040/dcd_rp2040.c.obj
                0x10005498                dcd_edpt_close_all
 .text.dcd_edpt_xfer
                0x100054a0       0x34 CMakeFiles/picowhisperer.dir/usr/share/pico-sdk/lib/tinyusb/src/portable/raspberrypi/rp2040/dcd_rp2040.c.obj
                0x100054a0                dcd_edpt_xfer
 .text.dcd_edpt_stall
                0x100054d4       0x2c CMakeFiles/picowhisperer.dir/usr/share/pico-sdk/lib/tinyusb/src/portable/raspberrypi/rp2040/dcd_rp2040.c.obj
                0x100054d4                dcd_edpt_stall
 .text.dcd_edpt_clear_stall
                0x10005500       0x20 CMakeFiles/picowhisperer.dir/usr/share/pico-sdk/lib/tinyusb/src/portable/raspberrypi/rp2040/dcd_rp2040.c.obj
                0x10005500                dcd_edpt_clear_stall
 .text.rp2040_usb_init
                0x10005520       0x4c CMakeFiles/picowhisperer.dir/usr/share/pico-sdk/lib/tinyusb/src/portable/raspberrypi/rp2040/rp2040_usb.c.obj
                0x10005520                rp2040_usb_init
 .text.hw_endpoint_xfer_start
                0x1000556c       0x50 CMakeFiles/picowhisperer.dir/usr/share/pico-sdk/lib/tinyusb/src/portable/raspberrypi/rp2040/rp2040_usb.c.obj
                0x1000556c                hw_endpoint_xfer_start
 .text.configuration_reset
                0x100055bc       0x84 CMakeFiles/picowhisperer.dir/usr/share/pico-sdk/lib/tinyusb/src/device/usbd.c.obj
 .text.critical_section_enter_blocking
                0x10005640       0x16 CMakeFiles/picowhisperer.dir/usr/share/pico-sdk/lib/tinyusb/src/device/usbd.c.obj
 .text.usbd_reset
                0x10005656        0xc CMakeFiles/picowhisperer.dir/usr/share/pico-sdk/lib/tinyusb/src/device/usbd.c.obj
 .text.invoke_class_control
                0x10005662       0x1a CMakeFiles/picowhisperer.dir/usr/share/pico-sdk/lib/tinyusb/src/device/usbd.c.obj
 .text.process_set_config
                0x1000567c      0x178 CMakeFiles/picowhisperer.dir/usr/share/pico-sdk/lib/tinyusb/src/device/usbd.c.obj
 .text.process_get_descriptor
                0x100057f4       0xdc CMakeFiles/picowhisperer.dir/usr/share/pico-sdk/lib/tinyusb/src/device/usbd.c.obj
 .text.tud_mounted
                0x100058d0       0x10 CMakeFiles/picowhisperer.dir/usr/share/pico-sdk/lib/tinyusb/src/device/usbd.c.obj
                0x100058d0                tud_mounted
 .text.tud_suspended
                0x100058e0       0x10 CMakeFiles/picowhisperer.dir/usr/share/pico-sdk/lib/tinyusb/src/device/usbd.c.obj
                0x100058e0                tud_suspended
 .text.tud_inited
                0x100058f0       0x14 CMakeFiles/picowhisperer.dir/usr/share/pico-sdk/lib/tinyusb/src/device/usbd.c.obj
                0x100058f0                tud_inited
 .text.tud_init
                0x10005904       0xcc CMakeFiles/picowhisperer.dir/usr/share/pico-sdk/lib/tinyusb/src/device/usbd.c.obj
                0x10005904                tud_init
 .text.usbd_defer_func
                0x100059d0       0x2a CMakeFiles/picowhisperer.dir/usr/share/pico-sdk/lib/tinyusb/src/device/usbd.c.obj
                0x100059d0                usbd_defer_func
 *fill*         0x100059fa        0x2 
 .text.usbd_edpt_open
                0x100059fc       0x34 CMakeFiles/picowhisperer.dir/usr/share/pico-sdk/lib/tinyusb/src/device/usbd.c.obj
                0x100059fc                usbd_edpt_open
 .text.usbd_open_edpt_pair
                0x10005a30       0x62 CMakeFiles/picowhisperer.dir/usr/share/pico-sdk/lib/tinyusb/src/device/usbd.c.obj
                0x10005a30                usbd_open_edpt_pair
 *fill*         0x10005a92        0x2 
 .text.usbd_edpt_claim
                0x10005a94       0x28 CMakeFiles/picowhisperer.dir/usr/share/pico-sdk/lib/tinyusb/src/device/usbd.c.obj
                0x10005a94                usbd_edpt_claim
 .text.usbd_edpt_release
                0x10005abc       0x28 CMakeFiles/picowhisperer.dir/usr/share/pico-sdk/lib/tinyusb/src/device/usbd.c.obj
                0x10005abc                usbd_edpt_release
 .text.usbd_edpt_xfer
                0x10005ae4       0x78 CMakeFiles/picowhisperer.dir/usr/share/pico-sdk/lib/tinyusb/src/device/usbd.c.obj
                0x10005ae4                usbd_edpt_xfer
 .text.usbd_edpt_stall
                0x10005b5c       0x48 CMakeFiles/picowhisperer.dir/usr/share/pico-sdk/lib/tinyusb/src/device/usbd.c.obj
                0x10005b5c                usbd_edpt_stall
 .text.usbd_edpt_clear_stall
                0x10005ba4       0x48 CMakeFiles/picowhisperer.dir/usr/share/pico-sdk/lib/tinyusb/src/device/usbd.c.obj
                0x10005ba4                usbd_edpt_clear_stall
 .text.usbd_edpt_stalled
                0x10005bec       0x1c CMakeFiles/picowhisperer.dir/usr/share/pico-sdk/lib/tinyusb/src/device/usbd.c.obj
                0x10005bec                usbd_edpt_stalled
 .text.process_control_request
                0x10005c08      0x374 CMakeFiles/picowhisperer.dir/usr/share/pico-sdk/lib/tinyusb/src/device/usbd.c.obj
 .text.tud_task_ext
                0x10005f7c      0x1a8 CMakeFiles/picowhisperer.dir/usr/share/pico-sdk/lib/tinyusb/src/device/usbd.c.obj
                0x10005f7c                tud_task_ext
 .text._status_stage_xact
                0x10006124       0x1a CMakeFiles/picowhisperer.dir/usr/share/pico-sdk/lib/tinyusb/src/device/usbd_control.c.obj
 *fill*         0x1000613e        0x2 
 .text._data_stage_xact
                0x10006140       0x58 CMakeFiles/picowhisperer.dir/usr/share/pico-sdk/lib/tinyusb/src/device/usbd_control.c.obj
 .text.tud_control_status
                0x10006198       0x28 CMakeFiles/picowhisperer.dir/usr/share/pico-sdk/lib/tinyusb/src/device/usbd_control.c.obj
                0x10006198                tud_control_status
 .text.tud_control_xfer
                0x100061c0       0x68 CMakeFiles/picowhisperer.dir/usr/share/pico-sdk/lib/tinyusb/src/device/usbd_control.c.obj
                0x100061c0                tud_control_xfer
 .text.usbd_control_reset
                0x10006228       0x14 CMakeFiles/picowhisperer.dir/usr/share/pico-sdk/lib/tinyusb/src/device/usbd_control.c.obj
                0x10006228                usbd_control_reset
 .text.usbd_control_set_complete_callback
                0x1000623c        0xc CMakeFiles/picowhisperer.dir/usr/share/pico-sdk/lib/tinyusb/src/device/usbd_control.c.obj
                0x1000623c                usbd_control_set_complete_callback
 .text.usbd_control_set_request
                0x10006248       0x1c CMakeFiles/picowhisperer.dir/usr/share/pico-sdk/lib/tinyusb/src/device/usbd_control.c.obj
                0x10006248                usbd_control_set_request
 .text.usbd_control_xfer_cb
                0x10006264       0xbc CMakeFiles/picowhisperer.dir/usr/share/pico-sdk/lib/tinyusb/src/device/usbd_control.c.obj
                0x10006264                usbd_control_xfer_cb
 .text._prep_out_transaction
                0x10006320       0x4a CMakeFiles/picowhisperer.dir/usr/share/pico-sdk/lib/tinyusb/src/class/cdc/cdc_device.c.obj
 *fill*         0x1000636a        0x2 
 .text.tud_cdc_n_connected
                0x1000636c       0x38 CMakeFiles/picowhisperer.dir/usr/share/pico-sdk/lib/tinyusb/src/class/cdc/cdc_device.c.obj
                0x1000636c                tud_cdc_n_connected
 .text.tud_cdc_n_available
                0x100063a4       0x18 CMakeFiles/picowhisperer.dir/usr/share/pico-sdk/lib/tinyusb/src/class/cdc/cdc_device.c.obj
                0x100063a4                tud_cdc_n_available
 .text.tud_cdc_n_read
                0x100063bc       0x28 CMakeFiles/picowhisperer.dir/usr/share/pico-sdk/lib/tinyusb/src/class/cdc/cdc_device.c.obj
                0x100063bc                tud_cdc_n_read
 .text.tud_cdc_n_write_flush
                0x100063e4       0xb8 CMakeFiles/picowhisperer.dir/usr/share/pico-sdk/lib/tinyusb/src/class/cdc/cdc_device.c.obj
                0x100063e4                tud_cdc_n_write_flush
 .text.tud_cdc_n_write
                0x1000649c       0x38 CMakeFiles/picowhisperer.dir/usr/share/pico-sdk/lib/tinyusb/src/class/cdc/cdc_device.c.obj
                0x1000649c                tud_cdc_n_write
 .text.tud_cdc_n_write_available
                0x100064d4       0x1c CMakeFiles/picowhisperer.dir/usr/share/pico-sdk/lib/tinyusb/src/class/cdc/cdc_device.c.obj
                0x100064d4                tud_cdc_n_write_available
 .text.cdcd_init
                0x100064f0       0xbc CMakeFiles/picowhisperer.dir/usr/share/pico-sdk/lib/tinyusb/src/class/cdc/cdc_device.c.obj
                0x100064f0                cdcd_init
 .text.cdcd_reset
                0x100065ac       0x44 CMakeFiles/picowhisperer.dir/usr/share/pico-sdk/lib/tinyusb/src/class/cdc/cdc_device.c.obj
                0x100065ac                cdcd_reset
 .text.cdcd_open
                0x100065f0       0xc4 CMakeFiles/picowhisperer.dir/usr/share/pico-sdk/lib/tinyusb/src/class/cdc/cdc_device.c.obj
                0x100065f0                cdcd_open
 .text.cdcd_control_xfer_cb
                0x100066b4      0x134 CMakeFiles/picowhisperer.dir/usr/share/pico-sdk/lib/tinyusb/src/class/cdc/cdc_device.c.obj
                0x100066b4                cdcd_control_xfer_cb
 .text.cdcd_xfer_cb
                0x100067e8      0x130 CMakeFiles/picowhisperer.dir/usr/share/pico-sdk/lib/tinyusb/src/class/cdc/cdc_device.c.obj
                0x100067e8                cdcd_xfer_cb
 .text.tusb_init
                0x10006918        0xa CMakeFiles/picowhisperer.dir/usr/share/pico-sdk/lib/tinyusb/src/tusb.c.obj
                0x10006918                tusb_init
 .text.tusb_inited
                0x10006922        0xe CMakeFiles/picowhisperer.dir/usr/share/pico-sdk/lib/tinyusb/src/tusb.c.obj
                0x10006922                tusb_inited
 .text.tu_edpt_claim
                0x10006930       0x50 CMakeFiles/picowhisperer.dir/usr/share/pico-sdk/lib/tinyusb/src/tusb.c.obj
                0x10006930                tu_edpt_claim
 .text.tu_edpt_release
                0x10006980       0x38 CMakeFiles/picowhisperer.dir/usr/share/pico-sdk/lib/tinyusb/src/tusb.c.obj
                0x10006980                tu_edpt_release
 .text.tu_edpt_validate
                0x100069b8       0x78 CMakeFiles/picowhisperer.dir/usr/share/pico-sdk/lib/tinyusb/src/tusb.c.obj
                0x100069b8                tu_edpt_validate
 .text.tu_edpt_bind_driver
                0x10006a30       0x26 CMakeFiles/picowhisperer.dir/usr/share/pico-sdk/lib/tinyusb/src/tusb.c.obj
                0x10006a30                tu_edpt_bind_driver
 .text.advance_index
                0x10006a56       0x1a CMakeFiles/picowhisperer.dir/usr/share/pico-sdk/lib/tinyusb/src/common/tusb_fifo.c.obj
 .text._tu_fifo_peek
                0x10006a70       0x56 CMakeFiles/picowhisperer.dir/usr/share/pico-sdk/lib/tinyusb/src/common/tusb_fifo.c.obj
 .text._ff_pull_const_addr
                0x10006ac6       0x4c CMakeFiles/picowhisperer.dir/usr/share/pico-sdk/lib/tinyusb/src/common/tusb_fifo.c.obj
 .text._ff_pull_n
                0x10006b12      0x110 CMakeFiles/picowhisperer.dir/usr/share/pico-sdk/lib/tinyusb/src/common/tusb_fifo.c.obj
 .text._tu_fifo_peek_n
                0x10006c22       0x6a CMakeFiles/picowhisperer.dir/usr/share/pico-sdk/lib/tinyusb/src/common/tusb_fifo.c.obj
 .text._tu_fifo_read_n
                0x10006c8c       0x4e CMakeFiles/picowhisperer.dir/usr/share/pico-sdk/lib/tinyusb/src/common/tusb_fifo.c.obj
 .text._ff_push_const_addr
                0x10006cda       0x40 CMakeFiles/picowhisperer.dir/usr/share/pico-sdk/lib/tinyusb/src/common/tusb_fifo.c.obj
 .text._ff_push_n
                0x10006d1a      0x10c CMakeFiles/picowhisperer.dir/usr/share/pico-sdk/lib/tinyusb/src/common/tusb_fifo.c.obj
 .text._tu_fifo_write_n
                0x10006e26       0xf0 CMakeFiles/picowhisperer.dir/usr/share/pico-sdk/lib/tinyusb/src/common/tusb_fifo.c.obj
 .text.tu_fifo_config
                0x10006f16       0x7c CMakeFiles/picowhisperer.dir/usr/share/pico-sdk/lib/tinyusb/src/common/tusb_fifo.c.obj
                0x10006f16                tu_fifo_config
 .text.tu_fifo_count
                0x10006f92       0x2a CMakeFiles/picowhisperer.dir/usr/share/pico-sdk/lib/tinyusb/src/common/tusb_fifo.c.obj
                0x10006f92                tu_fifo_count
 .text.tu_fifo_empty
                0x10006fbc        0xe CMakeFiles/picowhisperer.dir/usr/share/pico-sdk/lib/tinyusb/src/common/tusb_fifo.c.obj
                0x10006fbc                tu_fifo_empty
 .text.tu_fifo_full
                0x10006fca       0x28 CMakeFiles/picowhisperer.dir/usr/share/pico-sdk/lib/tinyusb/src/common/tusb_fifo.c.obj
                0x10006fca                tu_fifo_full
 .text.tu_fifo_remaining
                0x10006ff2       0x2c CMakeFiles/picowhisperer.dir/usr/share/pico-sdk/lib/tinyusb/src/common/tusb_fifo.c.obj
                0x10006ff2                tu_fifo_remaining
 .text.tu_fifo_read
                0x1000701e       0x42 CMakeFiles/picowhisperer.dir/usr/share/pico-sdk/lib/tinyusb/src/common/tusb_fifo.c.obj
                0x1000701e                tu_fifo_read
 .text.tu_fifo_read_n
                0x10007060        0xa CMakeFiles/picowhisperer.dir/usr/share/pico-sdk/lib/tinyusb/src/common/tusb_fifo.c.obj
                0x10007060                tu_fifo_read_n
 .text.tu_fifo_write
                0x1000706a       0x64 CMakeFiles/picowhisperer.dir/usr/share/pico-sdk/lib/tinyusb/src/common/tusb_fifo.c.obj
                0x1000706a                tu_fifo_write
 .text.tu_fifo_write_n
                0x100070ce        0xa CMakeFiles/picowhisperer.dir/usr/share/pico-sdk/lib/tinyusb/src/common/tusb_fifo.c.obj
                0x100070ce                tu_fifo_write_n
 .text.tu_fifo_clear
                0x100070d8       0x3e CMakeFiles/picowhisperer.dir/usr/share/pico-sdk/lib/tinyusb/src/common/tusb_fifo.c.obj
                0x100070d8                tu_fifo_clear
 .text.tu_fifo_set_overwritable
                0x10007116       0x46 CMakeFiles/picowhisperer.dir/usr/share/pico-sdk/lib/tinyusb/src/common/tusb_fifo.c.obj
                0x10007116                tu_fifo_set_overwritable
 .text.cyw43_arch_set_async_context
                0x1000715c        0xc CMakeFiles/picowhisperer.dir/usr/share/pico-sdk/src/rp2_common/pico_cyw43_arch/cyw43_arch.c.obj
                0x1000715c                cyw43_arch_set_async_context
 .text.cyw43_arch_gpio_put
                0x10007168       0x14 CMakeFiles/picowhisperer.dir/usr/share/pico-sdk/src/rp2_common/pico_cyw43_arch/cyw43_arch.c.obj
                0x10007168                cyw43_arch_gpio_put
 .text.cyw43_arch_async_context
                0x1000717c        0xc CMakeFiles/picowhisperer.dir/usr/share/pico-sdk/src/rp2_common/pico_cyw43_arch/cyw43_arch.c.obj
                0x1000717c                cyw43_arch_async_context
 .text.cyw43_arch_init_default_async_context
                0x10007188       0x20 CMakeFiles/picowhisperer.dir/usr/share/pico-sdk/src/rp2_common/pico_cyw43_arch/cyw43_arch_threadsafe_background.c.obj
                0x10007188                cyw43_arch_init_default_async_context
 .text.cyw43_arch_deinit
                0x100071a8       0x28 CMakeFiles/picowhisperer.dir/usr/share/pico-sdk/src/rp2_common/pico_cyw43_arch/cyw43_arch_threadsafe_background.c.obj
                0x100071a8                cyw43_arch_deinit
 .text.cyw43_arch_init
                0x100071d0       0x36 CMakeFiles/picowhisperer.dir/usr/share/pico-sdk/src/rp2_common/pico_cyw43_arch/cyw43_arch_threadsafe_background.c.obj
                0x100071d0                cyw43_arch_init
 .text.pio_get_default_sm_config
                0x10007206       0x28 CMakeFiles/picowhisperer.dir/usr/share/pico-sdk/src/rp2_common/pico_cyw43_driver/cyw43_bus_pio_spi.c.obj
 *fill*         0x1000722e        0x2 
 .text.spi_gap01_sample0_program_get_default_config
                0x10007230       0x3c CMakeFiles/picowhisperer.dir/usr/share/pico-sdk/src/rp2_common/pico_cyw43_driver/cyw43_bus_pio_spi.c.obj
 .text.cs_set   0x1000726c       0x1c CMakeFiles/picowhisperer.dir/usr/share/pico-sdk/src/rp2_common/pico_cyw43_driver/cyw43_bus_pio_spi.c.obj
 .text.channel_config_set_chain_to
                0x10007288       0x30 CMakeFiles/picowhisperer.dir/usr/share/pico-sdk/src/rp2_common/pico_cyw43_driver/cyw43_bus_pio_spi.c.obj
 .text.dma_channel_get_default_config
                0x100072b8       0x74 CMakeFiles/picowhisperer.dir/usr/share/pico-sdk/src/rp2_common/pico_cyw43_driver/cyw43_bus_pio_spi.c.obj
 .text.channel_config_set_dreq
                0x1000732c       0x30 CMakeFiles/picowhisperer.dir/usr/share/pico-sdk/src/rp2_common/pico_cyw43_driver/cyw43_bus_pio_spi.c.obj
 .text.start_spi_comms
                0x1000735c       0x2c CMakeFiles/picowhisperer.dir/usr/share/pico-sdk/src/rp2_common/pico_cyw43_driver/cyw43_bus_pio_spi.c.obj
 .text.ns_delay
                0x10007388       0x20 CMakeFiles/picowhisperer.dir/usr/share/pico-sdk/src/rp2_common/pico_cyw43_driver/cyw43_bus_pio_spi.c.obj
 .text.stop_spi_comms
                0x100073a8       0x10 CMakeFiles/picowhisperer.dir/usr/share/pico-sdk/src/rp2_common/pico_cyw43_driver/cyw43_bus_pio_spi.c.obj
 .text.cyw43_spi_deinit
                0x100073b8       0x74 CMakeFiles/picowhisperer.dir/usr/share/pico-sdk/src/rp2_common/pico_cyw43_driver/cyw43_bus_pio_spi.c.obj
                0x100073b8                cyw43_spi_deinit
 .text.cyw43_spi_init
                0x1000742c      0x234 CMakeFiles/picowhisperer.dir/usr/share/pico-sdk/src/rp2_common/pico_cyw43_driver/cyw43_bus_pio_spi.c.obj
                0x1000742c                cyw43_spi_init
 .text.cyw43_spi_transfer
                0x10007660      0x568 CMakeFiles/picowhisperer.dir/usr/share/pico-sdk/src/rp2_common/pico_cyw43_driver/cyw43_bus_pio_spi.c.obj
                0x10007660                cyw43_spi_transfer
 .text._cyw43_read_reg
                0x10007bc8       0x50 CMakeFiles/picowhisperer.dir/usr/share/pico-sdk/src/rp2_common/pico_cyw43_driver/cyw43_bus_pio_spi.c.obj
 .text._cyw43_write_reg
                0x10007c18       0x58 CMakeFiles/picowhisperer.dir/usr/share/pico-sdk/src/rp2_common/pico_cyw43_driver/cyw43_bus_pio_spi.c.obj
 .text.cyw43_spi_gpio_setup
                0x10007c70       0x3a CMakeFiles/picowhisperer.dir/usr/share/pico-sdk/src/rp2_common/pico_cyw43_driver/cyw43_bus_pio_spi.c.obj
                0x10007c70                cyw43_spi_gpio_setup
 .text.cyw43_spi_reset
                0x10007caa       0x28 CMakeFiles/picowhisperer.dir/usr/share/pico-sdk/src/rp2_common/pico_cyw43_driver/cyw43_bus_pio_spi.c.obj
                0x10007caa                cyw43_spi_reset
 *fill*         0x10007cd2        0x2 
 .text.read_reg_u32_swap
                0x10007cd4       0x68 CMakeFiles/picowhisperer.dir/usr/share/pico-sdk/src/rp2_common/pico_cyw43_driver/cyw43_bus_pio_spi.c.obj
                0x10007cd4                read_reg_u32_swap
 .text.cyw43_read_reg_u32
                0x10007d3c        0xa CMakeFiles/picowhisperer.dir/usr/share/pico-sdk/src/rp2_common/pico_cyw43_driver/cyw43_bus_pio_spi.c.obj
                0x10007d3c                cyw43_read_reg_u32
 .text.cyw43_read_reg_u16
                0x10007d46        0xa CMakeFiles/picowhisperer.dir/usr/share/pico-sdk/src/rp2_common/pico_cyw43_driver/cyw43_bus_pio_spi.c.obj
                0x10007d46                cyw43_read_reg_u16
 .text.cyw43_read_reg_u8
                0x10007d50        0xa CMakeFiles/picowhisperer.dir/usr/share/pico-sdk/src/rp2_common/pico_cyw43_driver/cyw43_bus_pio_spi.c.obj
                0x10007d50                cyw43_read_reg_u8
 *fill*         0x10007d5a        0x2 
 .text.write_reg_u32_swap
                0x10007d5c       0x34 CMakeFiles/picowhisperer.dir/usr/share/pico-sdk/src/rp2_common/pico_cyw43_driver/cyw43_bus_pio_spi.c.obj
                0x10007d5c                write_reg_u32_swap
 .text.cyw43_write_reg_u32
                0x10007d90       0x10 CMakeFiles/picowhisperer.dir/usr/share/pico-sdk/src/rp2_common/pico_cyw43_driver/cyw43_bus_pio_spi.c.obj
                0x10007d90                cyw43_write_reg_u32
 .text.cyw43_write_reg_u16
                0x10007da0       0x10 CMakeFiles/picowhisperer.dir/usr/share/pico-sdk/src/rp2_common/pico_cyw43_driver/cyw43_bus_pio_spi.c.obj
                0x10007da0                cyw43_write_reg_u16
 .text.cyw43_write_reg_u8
                0x10007db0       0x10 CMakeFiles/picowhisperer.dir/usr/share/pico-sdk/src/rp2_common/pico_cyw43_driver/cyw43_bus_pio_spi.c.obj
                0x10007db0                cyw43_write_reg_u8
 .text.cyw43_read_bytes
                0x10007dc0       0xfc CMakeFiles/picowhisperer.dir/usr/share/pico-sdk/src/rp2_common/pico_cyw43_driver/cyw43_bus_pio_spi.c.obj
                0x10007dc0                cyw43_read_bytes
 .text.cyw43_write_bytes
                0x10007ebc      0x124 CMakeFiles/picowhisperer.dir/usr/share/pico-sdk/src/rp2_common/pico_cyw43_driver/cyw43_bus_pio_spi.c.obj
                0x10007ebc                cyw43_write_bytes
 .text.get_core_address
                0x10007fe0       0x1c CMakeFiles/picowhisperer.dir/usr/share/pico-sdk/lib/cyw43-driver/src/cyw43_ll.c.obj
 .text.sdpcm_process_rx_packet
                0x10007ffc      0x180 CMakeFiles/picowhisperer.dir/usr/share/pico-sdk/lib/cyw43-driver/src/cyw43_ll.c.obj
 .text.cyw43_ll_wifi_parse_scan_result
                0x1000817c       0x9c CMakeFiles/picowhisperer.dir/usr/share/pico-sdk/lib/cyw43-driver/src/cyw43_ll.c.obj
 .text.cyw43_ll_parse_async_event
                0x10008218       0x8a CMakeFiles/picowhisperer.dir/usr/share/pico-sdk/lib/cyw43-driver/src/cyw43_ll.c.obj
 *fill*         0x100082a2        0x2 
 .text.cyw43_kso_set
                0x100082a4       0x98 CMakeFiles/picowhisperer.dir/usr/share/pico-sdk/lib/cyw43-driver/src/cyw43_ll.c.obj
 .text.cyw43_ll_bus_sleep_helper
                0x1000833c        0xe CMakeFiles/picowhisperer.dir/usr/share/pico-sdk/lib/cyw43-driver/src/cyw43_ll.c.obj
 *fill*         0x1000834a        0x2 
 .text.cyw43_read_reg
                0x1000834c       0x48 CMakeFiles/picowhisperer.dir/usr/share/pico-sdk/lib/cyw43-driver/src/cyw43_ll.c.obj
 .text.cyw43_write_reg
                0x10008394       0x4c CMakeFiles/picowhisperer.dir/usr/share/pico-sdk/lib/cyw43-driver/src/cyw43_ll.c.obj
 .text.cyw43_set_backplane_window
                0x100083e0       0x78 CMakeFiles/picowhisperer.dir/usr/share/pico-sdk/lib/cyw43-driver/src/cyw43_ll.c.obj
 .text.cyw43_read_backplane
                0x10008458       0x30 CMakeFiles/picowhisperer.dir/usr/share/pico-sdk/lib/cyw43-driver/src/cyw43_ll.c.obj
 .text.disable_device_core
                0x10008488       0x3c CMakeFiles/picowhisperer.dir/usr/share/pico-sdk/lib/cyw43-driver/src/cyw43_ll.c.obj
 .text.device_core_is_up
                0x100084c4       0x4c CMakeFiles/picowhisperer.dir/usr/share/pico-sdk/lib/cyw43-driver/src/cyw43_ll.c.obj
 .text.cyw43_write_backplane
                0x10008510       0x34 CMakeFiles/picowhisperer.dir/usr/share/pico-sdk/lib/cyw43-driver/src/cyw43_ll.c.obj
 .text.reset_device_core
                0x10008544       0x74 CMakeFiles/picowhisperer.dir/usr/share/pico-sdk/lib/cyw43-driver/src/cyw43_ll.c.obj
 .text.cyw43_download_resource
                0x100085b8      0x17c CMakeFiles/picowhisperer.dir/usr/share/pico-sdk/lib/cyw43-driver/src/cyw43_ll.c.obj
 .text.cyw43_ll_init
                0x10008734       0x20 CMakeFiles/picowhisperer.dir/usr/share/pico-sdk/lib/cyw43-driver/src/cyw43_ll.c.obj
                0x10008734                cyw43_ll_init
 .text.cyw43_ll_deinit
                0x10008754        0x8 CMakeFiles/picowhisperer.dir/usr/share/pico-sdk/lib/cyw43-driver/src/cyw43_ll.c.obj
                0x10008754                cyw43_ll_deinit
 .text.cyw43_ll_bus_sleep
                0x1000875c       0x34 CMakeFiles/picowhisperer.dir/usr/share/pico-sdk/lib/cyw43-driver/src/cyw43_ll.c.obj
                0x1000875c                cyw43_ll_bus_sleep
 .text.cyw43_ll_sdpcm_poll_device
                0x10008790      0x158 CMakeFiles/picowhisperer.dir/usr/share/pico-sdk/lib/cyw43-driver/src/cyw43_ll.c.obj
 .text.cyw43_ll_process_packets
                0x100088e8       0x5c CMakeFiles/picowhisperer.dir/usr/share/pico-sdk/lib/cyw43-driver/src/cyw43_ll.c.obj
                0x100088e8                cyw43_ll_process_packets
 .text.cyw43_sdpcm_send_common
                0x10008944      0x104 CMakeFiles/picowhisperer.dir/usr/share/pico-sdk/lib/cyw43-driver/src/cyw43_ll.c.obj
 .text.cyw43_send_ioctl
                0x10008a48       0x56 CMakeFiles/picowhisperer.dir/usr/share/pico-sdk/lib/cyw43-driver/src/cyw43_ll.c.obj
 *fill*         0x10008a9e        0x2 
 .text.cyw43_do_ioctl
                0x10008aa0       0xc0 CMakeFiles/picowhisperer.dir/usr/share/pico-sdk/lib/cyw43-driver/src/cyw43_ll.c.obj
 .text.cyw43_ll_ioctl
                0x10008b60       0x1e CMakeFiles/picowhisperer.dir/usr/share/pico-sdk/lib/cyw43-driver/src/cyw43_ll.c.obj
                0x10008b60                cyw43_ll_ioctl
 *fill*         0x10008b7e        0x2 
 .text.cyw43_clm_load
                0x10008b80       0xdc CMakeFiles/picowhisperer.dir/usr/share/pico-sdk/lib/cyw43-driver/src/cyw43_ll.c.obj
 .text.cyw43_write_iovar_u32
                0x10008c5c       0x60 CMakeFiles/picowhisperer.dir/usr/share/pico-sdk/lib/cyw43-driver/src/cyw43_ll.c.obj
 .text.cyw43_write_iovar_n
                0x10008cbc       0x50 CMakeFiles/picowhisperer.dir/usr/share/pico-sdk/lib/cyw43-driver/src/cyw43_ll.c.obj
 .text.cyw43_set_ioctl_u32
                0x10008d0c       0x30 CMakeFiles/picowhisperer.dir/usr/share/pico-sdk/lib/cyw43-driver/src/cyw43_ll.c.obj
 .text.cyw43_write_iovar_u32_u32
                0x10008d3c       0x74 CMakeFiles/picowhisperer.dir/usr/share/pico-sdk/lib/cyw43-driver/src/cyw43_ll.c.obj
 .text.cyw43_ll_wifi_get_mac
                0x10008db0       0x44 CMakeFiles/picowhisperer.dir/usr/share/pico-sdk/lib/cyw43-driver/src/cyw43_ll.c.obj
                0x10008db0                cyw43_ll_wifi_get_mac
 .text.cyw43_ll_bus_init
                0x10008df4      0x360 CMakeFiles/picowhisperer.dir/usr/share/pico-sdk/lib/cyw43-driver/src/cyw43_ll.c.obj
                0x10008df4                cyw43_ll_bus_init
 .text.cyw43_ll_wifi_set_wpa_auth
                0x10009154        0xe CMakeFiles/picowhisperer.dir/usr/share/pico-sdk/lib/cyw43-driver/src/cyw43_ll.c.obj
                0x10009154                cyw43_ll_wifi_set_wpa_auth
 *fill*         0x10009162        0x2 
 .text.cyw43_ll_wifi_rejoin
                0x10009164       0x20 CMakeFiles/picowhisperer.dir/usr/share/pico-sdk/lib/cyw43-driver/src/cyw43_ll.c.obj
                0x10009164                cyw43_ll_wifi_rejoin
 .text.cyw43_ll_gpio_set
                0x10009184       0x30 CMakeFiles/picowhisperer.dir/usr/share/pico-sdk/lib/cyw43-driver/src/cyw43_ll.c.obj
                0x10009184                cyw43_ll_gpio_set
 .text.cyw43_ll_has_work
                0x100091b4       0x12 CMakeFiles/picowhisperer.dir/usr/share/pico-sdk/lib/cyw43-driver/src/cyw43_ll.c.obj
                0x100091b4                cyw43_ll_has_work
 .text.to_ms_since_boot
                0x100091c6       0x1c CMakeFiles/picowhisperer.dir/usr/share/pico-sdk/lib/cyw43-driver/src/cyw43_ctrl.c.obj
 *fill*         0x100091e2        0x2 
 .text.update_us_since_boot
                0x100091e4       0x24 CMakeFiles/picowhisperer.dir/usr/share/pico-sdk/lib/cyw43-driver/src/cyw43_ctrl.c.obj
 .text.cyw43_poll_func
                0x10009208       0xac CMakeFiles/picowhisperer.dir/usr/share/pico-sdk/lib/cyw43-driver/src/cyw43_ctrl.c.obj
 .text.get_absolute_time
                0x100092b4       0x22 CMakeFiles/picowhisperer.dir/usr/share/pico-sdk/lib/cyw43-driver/src/cyw43_ctrl.c.obj
 .text.cyw43_hal_ticks_ms
                0x100092d6       0x16 CMakeFiles/picowhisperer.dir/usr/share/pico-sdk/lib/cyw43-driver/src/cyw43_ctrl.c.obj
 .text.cyw43_dump_async_event
                0x100092ec       0x58 CMakeFiles/picowhisperer.dir/usr/share/pico-sdk/lib/cyw43-driver/src/cyw43_ctrl.c.obj
 .text.cyw43_ensure_up
                0x10009344       0xec CMakeFiles/picowhisperer.dir/usr/share/pico-sdk/lib/cyw43-driver/src/cyw43_ctrl.c.obj
 .text.cyw43_init
                0x10009430       0x8c CMakeFiles/picowhisperer.dir/usr/share/pico-sdk/lib/cyw43-driver/src/cyw43_ctrl.c.obj
                0x10009430                cyw43_init
 .text.cyw43_deinit
                0x100094bc       0x3c CMakeFiles/picowhisperer.dir/usr/share/pico-sdk/lib/cyw43-driver/src/cyw43_ctrl.c.obj
                0x100094bc                cyw43_deinit
 .text.cyw43_cb_read_host_interrupt_pin
                0x100094f8        0xe CMakeFiles/picowhisperer.dir/usr/share/pico-sdk/lib/cyw43-driver/src/cyw43_ctrl.c.obj
                0x100094f8                cyw43_cb_read_host_interrupt_pin
 *fill*         0x10009506        0x2 
 .text.cyw43_cb_ensure_awake
                0x10009508        0xc CMakeFiles/picowhisperer.dir/usr/share/pico-sdk/lib/cyw43-driver/src/cyw43_ctrl.c.obj
                0x10009508                cyw43_cb_ensure_awake
 .text.cyw43_cb_process_async_event
                0x10009514      0x1ac CMakeFiles/picowhisperer.dir/usr/share/pico-sdk/lib/cyw43-driver/src/cyw43_ctrl.c.obj
                0x10009514                cyw43_cb_process_async_event
 .text.cyw43_gpio_set
                0x100096c0       0x30 CMakeFiles/picowhisperer.dir/usr/share/pico-sdk/lib/cyw43-driver/src/cyw43_ctrl.c.obj
                0x100096c0                cyw43_gpio_set
 .text._pio_can_add_program_at_offset
                0x100096f0       0x3c CMakeFiles/picowhisperer.dir/usr/share/pico-sdk/src/rp2_common/hardware_pio/pio.c.obj
 .text._pio_find_offset_for_program
                0x1000972c       0x7c CMakeFiles/picowhisperer.dir/usr/share/pico-sdk/src/rp2_common/hardware_pio/pio.c.obj
 .text._pio_add_program_at_offset
                0x100097a8       0x7c CMakeFiles/picowhisperer.dir/usr/share/pico-sdk/src/rp2_common/hardware_pio/pio.c.obj
 .text.pio_sm_unclaim
                0x10009824       0x20 CMakeFiles/picowhisperer.dir/usr/share/pico-sdk/src/rp2_common/hardware_pio/pio.c.obj
                0x10009824                pio_sm_unclaim
 .text.pio_claim_unused_sm
                0x10009844       0x3c CMakeFiles/picowhisperer.dir/usr/share/pico-sdk/src/rp2_common/hardware_pio/pio.c.obj
                0x10009844                pio_claim_unused_sm
 .text.pio_can_add_program
                0x10009880       0x26 CMakeFiles/picowhisperer.dir/usr/share/pico-sdk/src/rp2_common/hardware_pio/pio.c.obj
                0x10009880                pio_can_add_program
 *fill*         0x100098a6        0x2 
 .text.pio_add_program
                0x100098a8       0x38 CMakeFiles/picowhisperer.dir/usr/share/pico-sdk/src/rp2_common/hardware_pio/pio.c.obj
                0x100098a8                pio_add_program
 .text.pio_remove_program
                0x100098e0       0x58 CMakeFiles/picowhisperer.dir/usr/share/pico-sdk/src/rp2_common/hardware_pio/pio.c.obj
                0x100098e0                pio_remove_program
 .text.pio_sm_set_pindirs_with_mask
                0x10009938       0x9c CMakeFiles/picowhisperer.dir/usr/share/pico-sdk/src/rp2_common/hardware_pio/pio.c.obj
                0x10009938                pio_sm_set_pindirs_with_mask
 .text.pio_sm_set_consecutive_pindirs
                0x100099d4       0xa4 CMakeFiles/picowhisperer.dir/usr/share/pico-sdk/src/rp2_common/hardware_pio/pio.c.obj
                0x100099d4                pio_sm_set_consecutive_pindirs
 .text.dma_channel_unclaim
                0x10009a78       0x14 CMakeFiles/picowhisperer.dir/usr/share/pico-sdk/src/rp2_common/hardware_dma/dma.c.obj
                0x10009a78                dma_channel_unclaim
 .text.dma_claim_unused_channel
                0x10009a8c       0x24 CMakeFiles/picowhisperer.dir/usr/share/pico-sdk/src/rp2_common/hardware_dma/dma.c.obj
                0x10009a8c                dma_claim_unused_channel
 .text.dma_channel_cleanup
                0x10009ab0       0x5c CMakeFiles/picowhisperer.dir/usr/share/pico-sdk/src/rp2_common/hardware_dma/dma.c.obj
                0x10009ab0                dma_channel_cleanup
 .text.cyw43_sleep_timeout_reached
                0x10009b0c       0x50 CMakeFiles/picowhisperer.dir/usr/share/pico-sdk/src/rp2_common/pico_cyw43_driver/cyw43_driver.c.obj
 .text.update_us_since_boot
                0x10009b5c       0x24 CMakeFiles/picowhisperer.dir/usr/share/pico-sdk/src/rp2_common/pico_cyw43_driver/cyw43_driver.c.obj
 .text.delayed_by_ms
                0x10009b80       0x44 CMakeFiles/picowhisperer.dir/usr/share/pico-sdk/src/rp2_common/pico_cyw43_driver/cyw43_driver.c.obj
 .text.delayed_by_us
                0x10009bc4       0x34 CMakeFiles/picowhisperer.dir/usr/share/pico-sdk/src/rp2_common/pico_cyw43_driver/cyw43_driver.c.obj
 .text.get_absolute_time
                0x10009bf8       0x22 CMakeFiles/picowhisperer.dir/usr/share/pico-sdk/src/rp2_common/pico_cyw43_driver/cyw43_driver.c.obj
 .text.make_timeout_time_ms
                0x10009c1a       0x20 CMakeFiles/picowhisperer.dir/usr/share/pico-sdk/src/rp2_common/pico_cyw43_driver/cyw43_driver.c.obj
 .text.async_context_add_at_time_worker_in_ms
                0x10009c3a       0x26 CMakeFiles/picowhisperer.dir/usr/share/pico-sdk/src/rp2_common/pico_cyw43_driver/cyw43_driver.c.obj
 .text.cyw43_do_poll
                0x10009c60       0x74 CMakeFiles/picowhisperer.dir/usr/share/pico-sdk/src/rp2_common/pico_cyw43_driver/cyw43_driver.c.obj
 .text.make_timeout_time_us
                0x10009cd4       0x24 CMakeFiles/picowhisperer.dir/usr/share/pico-sdk/src/rp2_common/pico_cyw43_driver/cyw43_driver.c.obj
 .text.cyw43_set_irq_enabled
                0x10009cf8        0xe CMakeFiles/picowhisperer.dir/usr/share/pico-sdk/src/rp2_common/pico_cyw43_driver/cyw43_driver.c.obj
 *fill*         0x10009d06        0x2 
 .text.cyw43_irq_init
                0x10009d08       0x50 CMakeFiles/picowhisperer.dir/usr/share/pico-sdk/src/rp2_common/pico_cyw43_driver/cyw43_driver.c.obj
                0x10009d08                cyw43_irq_init
 .text.cyw43_gpio_irq_handler
                0x10009d58       0x40 CMakeFiles/picowhisperer.dir/usr/share/pico-sdk/src/rp2_common/pico_cyw43_driver/cyw43_driver.c.obj
 .text.cyw43_irq_deinit
                0x10009d98       0x48 CMakeFiles/picowhisperer.dir/usr/share/pico-sdk/src/rp2_common/pico_cyw43_driver/cyw43_driver.c.obj
                0x10009d98                cyw43_irq_deinit
 .text.no_lwip_fail
                0x10009de0        0xc CMakeFiles/picowhisperer.dir/usr/share/pico-sdk/src/rp2_common/pico_cyw43_driver/cyw43_driver.c.obj
 .text.cyw43_post_poll_hook
                0x10009dec       0x38 CMakeFiles/picowhisperer.dir/usr/share/pico-sdk/src/rp2_common/pico_cyw43_driver/cyw43_driver.c.obj
                0x10009dec                cyw43_post_poll_hook
 .text.cyw43_schedule_internal_poll_dispatch
                0x10009e24       0x3c CMakeFiles/picowhisperer.dir/usr/share/pico-sdk/src/rp2_common/pico_cyw43_driver/cyw43_driver.c.obj
                0x10009e24                cyw43_schedule_internal_poll_dispatch
 .text.cyw43_driver_init
                0x10009e60       0x38 CMakeFiles/picowhisperer.dir/usr/share/pico-sdk/src/rp2_common/pico_cyw43_driver/cyw43_driver.c.obj
                0x10009e60                cyw43_driver_init
 .text.cyw43_driver_deinit
                0x10009e98       0x64 CMakeFiles/picowhisperer.dir/usr/share/pico-sdk/src/rp2_common/pico_cyw43_driver/cyw43_driver.c.obj
                0x10009e98                cyw43_driver_deinit
 .text.storage_read_blocks
                0x10009efc        0x6 CMakeFiles/picowhisperer.dir/usr/share/pico-sdk/src/rp2_common/pico_cyw43_driver/cyw43_driver.c.obj
                0x10009efc                storage_read_blocks
 *fill*         0x10009f02        0x2 
 .text.cyw43_hal_generate_laa_mac
                0x10009f04       0x34 CMakeFiles/picowhisperer.dir/usr/share/pico-sdk/src/rp2_common/pico_cyw43_driver/cyw43_driver.c.obj
                0x10009f04                cyw43_hal_generate_laa_mac
 .text.cyw43_thread_enter
                0x10009f38       0x14 CMakeFiles/picowhisperer.dir/usr/share/pico-sdk/src/rp2_common/pico_cyw43_driver/cyw43_driver.c.obj
                0x10009f38                cyw43_thread_enter
 .text.cyw43_thread_exit
                0x10009f4c       0x14 CMakeFiles/picowhisperer.dir/usr/share/pico-sdk/src/rp2_common/pico_cyw43_driver/cyw43_driver.c.obj
                0x10009f4c                cyw43_thread_exit
 .text.cyw43_thread_lock_check
                0x10009f60       0x14 CMakeFiles/picowhisperer.dir/usr/share/pico-sdk/src/rp2_common/pico_cyw43_driver/cyw43_driver.c.obj
                0x10009f60                cyw43_thread_lock_check
 .text.cyw43_await_background_or_timeout_us
                0x10009f74       0x28 CMakeFiles/picowhisperer.dir/usr/share/pico-sdk/src/rp2_common/pico_cyw43_driver/cyw43_driver.c.obj
                0x10009f74                cyw43_await_background_or_timeout_us
 .text.cyw43_delay_ms
                0x10009f9c       0x24 CMakeFiles/picowhisperer.dir/usr/share/pico-sdk/src/rp2_common/pico_cyw43_driver/cyw43_driver.c.obj
                0x10009f9c                cyw43_delay_ms
 .text.cyw43_cb_tcpip_deinit
                0x10009fc0        0x2 CMakeFiles/picowhisperer.dir/usr/share/pico-sdk/src/rp2_common/pico_cyw43_driver/cyw43_driver.c.obj
                0x10009fc0                cyw43_cb_tcpip_deinit
 .text.cyw43_cb_tcpip_set_link_up
                0x10009fc2        0x6 CMakeFiles/picowhisperer.dir/usr/share/pico-sdk/src/rp2_common/pico_cyw43_driver/cyw43_driver.c.obj
                0x10009fc2                cyw43_cb_tcpip_set_link_up
 .text.cyw43_cb_tcpip_set_link_down
                0x10009fc8        0x6 CMakeFiles/picowhisperer.dir/usr/share/pico-sdk/src/rp2_common/pico_cyw43_driver/cyw43_driver.c.obj
                0x10009fc8                cyw43_cb_tcpip_set_link_down
 .text.cyw43_cb_process_ethernet
                0x10009fce        0x6 CMakeFiles/picowhisperer.dir/usr/share/pico-sdk/src/rp2_common/pico_cyw43_driver/cyw43_driver.c.obj
                0x10009fce                cyw43_cb_process_ethernet
 .text.is_at_the_end_of_time
                0x10009fd4       0x1c CMakeFiles/picowhisperer.dir/usr/share/pico-sdk/src/rp2_common/pico_async_context/async_context_threadsafe_background.c.obj
 .text.update_us_since_boot
                0x10009ff0       0x24 CMakeFiles/picowhisperer.dir/usr/share/pico-sdk/src/rp2_common/pico_async_context/async_context_threadsafe_background.c.obj
 .text.handle_sync_func_call
                0x1000a014       0x22 CMakeFiles/picowhisperer.dir/usr/share/pico-sdk/src/rp2_common/pico_async_context/async_context_threadsafe_background.c.obj
 .text.async_context_threadsafe_background_acquire_lock_blocking
                0x1000a036        0xa CMakeFiles/picowhisperer.dir/usr/share/pico-sdk/src/rp2_common/pico_async_context/async_context_threadsafe_background.c.obj
 .text.async_context_threadsafe_background_lock_check
                0x1000a040       0x2c CMakeFiles/picowhisperer.dir/usr/share/pico-sdk/src/rp2_common/pico_async_context/async_context_threadsafe_background.c.obj
 .text.get_absolute_time
                0x1000a06c       0x22 CMakeFiles/picowhisperer.dir/usr/share/pico-sdk/src/rp2_common/pico_async_context/async_context_threadsafe_background.c.obj
 *fill*         0x1000a08e        0x2 
 .text.process_under_lock
                0x1000a090       0xe0 CMakeFiles/picowhisperer.dir/usr/share/pico-sdk/src/rp2_common/pico_async_context/async_context_threadsafe_background.c.obj
 .text.async_context_threadsafe_background_wake_up
                0x1000a170       0x58 CMakeFiles/picowhisperer.dir/usr/share/pico-sdk/src/rp2_common/pico_async_context/async_context_threadsafe_background.c.obj
 .text.lock_release
                0x1000a1c8       0x42 CMakeFiles/picowhisperer.dir/usr/share/pico-sdk/src/rp2_common/pico_async_context/async_context_threadsafe_background.c.obj
 *fill*         0x1000a20a        0x2 
 .text.async_context_threadsafe_background_execute_sync
                0x1000a20c       0x84 CMakeFiles/picowhisperer.dir/usr/share/pico-sdk/src/rp2_common/pico_async_context/async_context_threadsafe_background.c.obj
                0x1000a20c                async_context_threadsafe_background_execute_sync
 .text.async_context_threadsafe_background_release_lock
                0x1000a290        0x8 CMakeFiles/picowhisperer.dir/usr/share/pico-sdk/src/rp2_common/pico_async_context/async_context_threadsafe_background.c.obj
 .text.alarm_handler
                0x1000a298       0x16 CMakeFiles/picowhisperer.dir/usr/share/pico-sdk/src/rp2_common/pico_async_context/async_context_threadsafe_background.c.obj
 .text.async_context_threadsafe_background_set_work_pending